Component: ARM Compiler 5.06 update 7 (build 960) Tool: armlink [4d3601]

==============================================================================

Section Cross References

    main.o(i.main) refers to lcd.o(i.InitialiseLCDPins) for InitialiseLCDPins
    main.o(i.main) refers to lcd.o(i.ScreenSetup) for ScreenSetup
    main.o(i.main) refers to can.o(i.CANInit) for CANInit
    main.o(i.main) refers to main.o(i.InitLEDs) for InitLEDs
    main.o(i.main) refers to can.o(i.CANMsgAvail) for CANMsgAvail
    main.o(i.main) refers to can.o(i.CANReceive) for CANReceive
    main.o(i.main) refers to lcd.o(i.UpdateScreenParameter) for UpdateScreenParameter
    main.o(i.main) refers to f2d.o(x$fpl$f2d) for __aeabi_f2d
    main.o(i.main) refers to dmul.o(x$fpl$dmul) for __aeabi_dmul
    main.o(i.main) refers to d2f.o(x$fpl$d2f) for __aeabi_d2f
    main.o(i.main) refers to ffix.o(x$fpl$ffix) for __aeabi_f2iz
    main.o(i.main) refers to fleqf.o(x$fpl$fleqf) for __aeabi_cfcmple
    main.o(i.main) refers to fmul.o(x$fpl$fmul) for __aeabi_fmul
    main.o(i.main) refers to ffixu.o(x$fpl$ffixu) for __aeabi_f2uiz
    main.o(i.main) refers to main.o(.bss) for CAN_rx_msg
    main.o(i.main) refers to main.o(.data) for u
    can.o(i.CANInit) refers to can.o(.constdata) for can_configs
    can.o(i.CANSend) refers to virtual_com.o(i.SendInt) for SendInt
    can.o(i.CANSend) refers to virtual_com.o(i.SendLine) for SendLine
    can.o(i.CANSetFilter) refers to can.o(.data) for filterID
    can.o(i.CANSetFilters) refers to can.o(i.CANSetFilter) for CANSetFilter
    virtual_com.o(i.SendInt) refers to virtual_com.o(i.SendChar) for SendChar
    virtual_com.o(i.SendLine) refers to virtual_com.o(i.SendChar) for SendChar
    virtual_com.o(i.SendString) refers to virtual_com.o(i.SendChar) for SendChar
    lcd.o(i.CharacterBitMaps) refers to rt_memcpy_w.o(.text) for __aeabi_memcpy4
    lcd.o(i.CharacterBitMaps) refers to lcd.o(i.TransmitCommand) for TransmitCommand
    lcd.o(i.CharacterBitMaps) refers to lcd.o(i.TransmitCommandParameter) for TransmitCommandParameter
    lcd.o(i.CharacterBitMaps) refers to lcd.o(i.SaveCharacterToRAM) for SaveCharacterToRAM
    lcd.o(i.CharacterBitMaps) refers to lcd.o(.constdata) for .constdata
    lcd.o(i.ClearScreen) refers to lcd.o(i.MoveCursor) for MoveCursor
    lcd.o(i.ClearScreen) refers to lcd.o(i.TransmitCommand) for TransmitCommand
    lcd.o(i.ClearScreen) refers to lcd.o(i.TransmitCommandParameter) for TransmitCommandParameter
    lcd.o(i.DisplayScreen) refers to lcd.o(i.ClearScreen) for ClearScreen
    lcd.o(i.DisplayScreen) refers to lcd.o(i.OutputString) for OutputString
    lcd.o(i.MoveCursor) refers to lcd.o(i.TransmitCommand) for TransmitCommand
    lcd.o(i.MoveCursor) refers to lcd.o(i.TransmitCommandParameter) for TransmitCommandParameter
    lcd.o(i.OutputPaddedInteger) refers to lcd.o(i.OutputString) for OutputString
    lcd.o(i.OutputString) refers to lcd.o(i.TransmitCommand) for TransmitCommand
    lcd.o(i.OutputString) refers to lcd.o(i.MoveCursor) for MoveCursor
    lcd.o(i.OutputString) refers to lcd.o(i.TransmitCommandParameter) for TransmitCommandParameter
    lcd.o(i.OutputString) refers to lcd.o(.data) for LOOKUPTABLE
    lcd.o(i.SaveCharacterToRAM) refers to lcd.o(i.TransmitCommand) for TransmitCommand
    lcd.o(i.SaveCharacterToRAM) refers to lcd.o(i.TransmitCommandParameter) for TransmitCommandParameter
    lcd.o(i.ScreenSetup) refers to lcd.o(i.TransmitCommand) for TransmitCommand
    lcd.o(i.ScreenSetup) refers to lcd.o(i.Delay) for Delay
    lcd.o(i.ScreenSetup) refers to lcd.o(i.TransmitCommandParameter) for TransmitCommandParameter
    lcd.o(i.ScreenSetup) refers to lcd.o(i.CharacterBitMaps) for CharacterBitMaps
    lcd.o(i.ScreenSetup) refers to lcd.o(i.DisplayScreen) for DisplayScreen
    lcd.o(i.SetBar) refers to lcd.o(i.MoveCursor) for MoveCursor
    lcd.o(i.SetBar) refers to lcd.o(i.TransmitCommand) for TransmitCommand
    lcd.o(i.SetBar) refers to lcd.o(i.TransmitCommandParameter) for TransmitCommandParameter
    lcd.o(i.TransmitCommand) refers to lcd.o(i.WriteByteToDataBus) for WriteByteToDataBus
    lcd.o(i.TransmitCommand) refers to lcd.o(i.MicrosecondDelay) for MicrosecondDelay
    lcd.o(i.TransmitCommandParameter) refers to lcd.o(i.WriteByteToDataBus) for WriteByteToDataBus
    lcd.o(i.TransmitCommandParameter) refers to lcd.o(i.MicrosecondDelay) for MicrosecondDelay
    lcd.o(i.UpdateScreenParameter) refers to lcd.o(i.OutputString) for OutputString
    lcd.o(i.UpdateScreenParameter) refers to lcd.o(i.OutputPaddedInteger) for OutputPaddedInteger
    xbee.o(i.XBeeSendChar) refers to xbee.o(i.XBeeSendByte) for XBeeSendByte
    xbee.o(i.XBeeTransmitCan) refers to xbee.o(i.XBeeSendChar) for XBeeSendChar
    xbee.o(i.XBeeTransmitCan) refers to xbee.o(i.XBeeSendByte) for XBeeSendByte
    rtx_conf_cm.o(.emb_text) refers to rt_cmsis.o(i.osKernelInitialize) for osKernelInitialize
    rtx_conf_cm.o(.emb_text) refers to rt_cmsis.o(i.osThreadCreate) for osThreadCreate
[...]

    ../clib/angel/boardlib.s                 0x00000000   Number         0  boardshut.o ABSOLUTE
    ../clib/angel/boardlib.s                 0x00000000   Number         0  boardinit2.o ABSOLUTE
    ../clib/angel/boardlib.s                 0x00000000   Number         0  boardinit1.o ABSOLUTE
    ../clib/angel/handlers.s                 0x00000000   Number         0  __scatter_copy.o ABSOLUTE
    ../clib/angel/handlers.s                 0x00000000   Number         0  __scatter_zi.o ABSOLUTE
    ../clib/angel/kernel.s                   0x00000000   Number         0  rtexit.o ABSOLUTE
    ../clib/angel/kernel.s                   0x00000000   Number         0  __rtentry4.o ABSOLUTE
    ../clib/angel/kernel.s                   0x00000000   Number         0  __rtentry.o ABSOLUTE
    ../clib/angel/kernel.s                   0x00000000   Number         0  rtexit2.o ABSOLUTE
    ../clib/angel/kernel.s                   0x00000000   Number         0  __rtentry2.o ABSOLUTE
    ../clib/angel/rt.s                       0x00000000   Number         0  aeabi_ldiv0.o ABSOLUTE
    ../clib/angel/rt.s                       0x00000000   Number         0  rt_raise.o ABSOLUTE
    ../clib/angel/rt.s                       0x00000000   Number         0  rt_div0.o ABSOLUTE
    ../clib/angel/rt.s                       0x00000000   Number         0  aeabi_ldiv0_sigfpe.o ABSOLUTE
    ../clib/angel/scatter.s                  0x00000000   Number         0  __scatter.o ABSOLUTE
    ../clib/angel/startup.s                  0x00000000   Number         0  __main.o ABSOLUTE
    ../clib/angel/sys.s                      0x00000000   Number         0  libspace.o ABSOLUTE
    ../clib/angel/sys.s                      0x00000000   Number         0  sys_stackheap_outer.o ABSOLUTE
    ../clib/angel/sys.s                      0x00000000   Number         0  indicate_semi.o ABSOLUTE
    ../clib/angel/sys.s                      0x00000000   Number         0  use_no_semi.o ABSOLUTE
    ../clib/angel/sysapp.c                   0x00000000   Number         0  sys_command.o ABSOLUTE
    ../clib/angel/sysapp.c                   0x00000000   Number         0  sys_exit.o ABSOLUTE
    ../clib/angel/sysapp.c                   0x00000000   Number         0  sys_wrch.o ABSOLUTE
    ../clib/armsys.c                         0x00000000   Number         0  argv_veneer.o ABSOLUTE
    ../clib/armsys.c                         0x00000000   Number         0  no_argv.o ABSOLUTE
    ../clib/armsys.c                         0x00000000   Number         0  _get_argv_nomalloc.o ABSOLUTE
    ../clib/armsys.c                         0x00000000   Number         0  argv_veneer.o ABSOLUTE
    ../clib/heapalloc.c                      0x00000000   Number         0  hrguard.o ABSOLUTE
    ../clib/heapaux.c                        0x00000000   Number         0  heapauxi.o ABSOLUTE
    ../clib/libinit.s                        0x00000000   Number         0  libshutdown2.o ABSOLUTE
    ../clib/libinit.s                        0x00000000   Number         0  libinit.o ABSOLUTE
    ../clib/libinit.s                        0x00000000   Number         0  libinit2.o ABSOLUTE
    ../clib/libinit.s                        0x00000000   Number         0  libshutdown.o ABSOLUTE
    ../clib/longlong.s                       0x00000000   Number         0  lludivv7m.o ABSOLUTE
    ../clib/memcpset.s                       0x00000000   Number         0  rt_memcpy_w.o ABSOLUTE
    ../clib/signal.c                         0x00000000   Number         0  defsig_rtmem_inner.o ABSOLUTE
    ../clib/signal.c                         0x00000000   Number         0  defsig_other.o ABSOLUTE
    ../clib/signal.c                         0x00000000   Number         0  defsig_fpe_outer.o ABSOLUTE
    ../clib/signal.c                         0x00000000   Number         0  defsig_fpe_formal.o ABSOLUTE
    ../clib/signal.c                         0x00000000   Number         0  defsig_abrt_inner.o ABSOLUTE
    ../clib/signal.c                         0x00000000   Number         0  defsig_rtred_inner.o ABSOLUTE
    ../clib/signal.c                         0x00000000   Number         0  defsig_general.o ABSOLUTE
    ../clib/signal.c                         0x00000000   Number         0  __raise.o ABSOLUTE
    ../clib/signal.c                         0x00000000   Number         0  defsig_rtmem_outer.o ABSOLUTE
    ../clib/signal.c                         0x00000000   Number         0  defsig_fpe_inner.o ABSOLUTE
    ../clib/signal.c                         0x00000000   Number         0  defsig_exit.o ABSOLUTE
    ../clib/signal.c                         0x00000000   Number         0  defsig_rtmem_formal.o ABSOLUTE
    ../clib/signal.c                         0x00000000   Number         0  defsig_pvfn_inner.o ABSOLUTE
    ../clib/signal.c                         0x00000000   Number         0  defsig_segv_inner.o ABSOLUTE
    ../clib/signal.c                         0x00000000   Number         0  defsig_cppl_inner.o ABSOLUTE
    ../clib/signal.c                         0x00000000   Number         0  defsig_stak_inner.o ABSOLUTE
    ../clib/signal.s                         0x00000000   Number         0  defsig.o ABSOLUTE
    ../clib/stdlib.c                         0x00000000   Number         0  exit.o ABSOLUTE
    ../fplib/d2f.s                           0x00000000   Number         0  d2f.o ABSOLUTE
    ../fplib/dmul.s                          0x00000000   Number         0  dmul.o ABSOLUTE
    ../fplib/dnaninf.s                       0x00000000   Number         0  dnaninf.o ABSOLUTE
    ../fplib/dretinf.s                       0x00000000   Number         0  dretinf.o ABSOLUTE
    ../fplib/f2d.s                           0x00000000   Number         0  f2d.o ABSOLUTE
    ../fplib/fcmpi.s                         0x00000000   Number         0  fcmpi.o ABSOLUTE
    ../fplib/ffix.s                          0x00000000   Number         0  ffix.o ABSOLUTE
    ../fplib/ffixu.s                         0x00000000   Number         0  ffixu.o ABSOLUTE
    ../fplib/fleqf.s                         0x00000000   Number         0  fleqf.o ABSOLUTE
    ../fplib/fmul.s                          0x00000000   Number         0  fmul.o ABSOLUTE
    ../fplib/fnaninf.s                       0x00000000   Number         0  fnaninf.o ABSOLUTE
    ../fplib/fpinit.s                        0x00000000   Number         0  fpinit.o ABSOLUTE
    ../fplib/fretinf.s                       0x00000000   Number         0  fretinf.o ABSOLUTE
    ../fplib/usenofp.s                       0x00000000   Number         0  usenofp.o ABSOLUTE
    ..\HAL_CM.c                              0x00000000   Number         0  hal_cm.o ABSOLUTE
    ..\Peripherals\CAN\CAN.c                 0x00000000   Number         0  can.o ABSOLUTE
    ..\Peripherals\RTC\RTC.c                 0x00000000   Number         0  rtc.o ABSOLUTE
    ..\Peripherals\virtual_com\virtual_com.c 0x00000000   Number         0  virtual_com.o ABSOLUTE
    ..\\Peripherals\\CAN\\CAN.c              0x00000000   Number         0  can.o ABSOLUTE
    ..\\Peripherals\\RTC\\RTC.c              0x00000000   Number         0  rtc.o ABSOLUTE
    ..\\Peripherals\\virtual_com\\virtual_com.c 0x00000000   Number         0  virtual_com.o ABSOLUTE
    ..\\rt_CMSIS.c                           0x00000000   Number         0  rt_cmsis.o ABSOLUTE
    ..\\rt_System.c                          0x00000000   Number         0  rt_system.o ABSOLUTE
    ..\rt_CMSIS.c                            0x00000000   Number         0  rt_cmsis.o ABSOLUTE
    ..\rt_Event.c                            0x00000000   Number         0  rt_event.o ABSOLUTE
    ..\rt_List.c                             0x00000000   Number         0  rt_list.o ABSOLUTE
    ..\rt_Mailbox.c                          0x00000000   Number         0  rt_mailbox.o ABSOLUTE
    ..\rt_MemBox.c                           0x00000000   Number         0  rt_membox.o ABSOLUTE
    ..\rt_Memory.c                           0x00000000   Number         0  rt_memory.o ABSOLUTE
    ..\rt_Mutex.c                            0x00000000   Number         0  rt_mutex.o ABSOLUTE
    ..\rt_Robin.c                            0x00000000   Number         0  rt_robin.o ABSOLUTE
    ..\rt_Semaphore.c                        0x00000000   Number         0  rt_semaphore.o ABSOLUTE
    ..\rt_System.c                           0x00000000   Number         0  rt_system.o ABSOLUTE
    ..\rt_Task.c                             0x00000000   Number         0  rt_task.o ABSOLUTE
    ..\rt_Time.c                             0x00000000   Number         0  rt_time.o ABSOLUTE
    HAL_CM3.c                                0x00000000   Number         0  hal_cm3.o ABSOLUTE
    HAL_CM3.c                                0x00000000   Number         0  hal_cm3.o ABSOLUTE
    RTE\CMSIS\RTX_Conf_CM.c                  0x00000000   Number         0  rtx_conf_cm.o ABSOLUTE
    RTE\Device\STM32F103RB\startup_stm32f10x_md.s 0x00000000   Number         0  startup_stm32f10x_md.o ABSOLUTE
    RTE\Device\STM32F103RB\system_stm32f10x.c 0x00000000   Number         0  system_stm32f10x.o ABSOLUTE
    RTE\\CMSIS\\RTX_Conf_CM.c                0x00000000   Number         0  rtx_conf_cm.o ABSOLUTE
    RTE\\Device\\STM32F103RB\\system_stm32f10x.c 0x00000000   Number         0  system_stm32f10x.o ABSOLUTE
    SVC_Table.s                              0x00000000   Number         0  svc_table.o ABSOLUTE
    dc.s                                     0x00000000   Number         0  dc.o ABSOLUTE
    src\LCD\LCD.c                            0x00000000   Number         0  lcd.o ABSOLUTE
    src\XBee\XBee.c                          0x00000000   Number         0  xbee.o ABSOLUTE
    src\\LCD\\LCD.c                          0x00000000   Number         0  lcd.o ABSOLUTE
    src\\XBee\\XBee.c                        0x00000000   Number         0  xbee.o ABSOLUTE
    src\\main.c                              0x00000000   Number         0  main.o ABSOLUTE
    src\main.c                               0x00000000   Number         0  main.o ABSOLUTE
    RESET                                    0x08000000   Section      236  startup_stm32f10x_md.o(RESET)
    !!!main                                  0x080000ec   Section        8  __main.o(!!!main)
    !!!scatter                               0x080000f4   Section       52  __scatter.o(!!!scatter)
    !!handler_copy                           0x08000128   Section       26  __scatter_copy.o(!!handler_copy)
    !!handler_zi                             0x08000144   Section       28  __scatter_zi.o(!!handler_zi)
    .ARM.Collect$$libinit$$00000000          0x08000160   Section        2  libinit.o(.ARM.Collect$$libinit$$00000000)
    .ARM.Collect$$libinit$$00000002          0x08000162   Section        0  libinit2.o(.ARM.Collect$$libinit$$00000002)
    .ARM.Collect$$libinit$$00000004          0x08000162   Section        0  libinit2.o(.ARM.Collect$$libinit$$00000004)
    .ARM.Collect$$libinit$$0000000A          0x08000162   Section        0  libinit2.o(.ARM.Collect$$libinit$$0000000A)
    .ARM.Collect$$libinit$$0000000C          0x08000162   Section        0  libinit2.o(.ARM.Collect$$libinit$$0000000C)
    .ARM.Collect$$libinit$$0000000E          0x08000162   Section        0  libinit2.o(.ARM.Collect$$libinit$$0000000E)
    .ARM.Collect$$libinit$$00000011          0x08000162   Section        0  libinit2.o(.ARM.Collect$$libinit$$00000011)
    .ARM.Collect$$libinit$$00000013          0x08000162   Section        0  libinit2.o(.ARM.Collect$$libinit$$00000013)
    .ARM.Collect$$libinit$$00000015          0x08000162   Section        0  libinit2.o(.ARM.Collect$$libinit$$00000015)
    .ARM.Collect$$libinit$$00000017          0x08000162   Section        0  libinit2.o(.ARM.Collect$$libinit$$00000017)
    .ARM.Collect$$libinit$$00000019          0x08000162   Section        0  libinit2.o(.ARM.Collect$$libinit$$00000019)
    .ARM.Collect$$libinit$$0000001B          0x08000162   Section        0  libinit2.o(.ARM.Collect$$libinit$$0000001B)
    .ARM.Collect$$libinit$$0000001D          0x08000162   Section        0  libinit2.o(.ARM.Collect$$libinit$$0000001D)
    .ARM.Collect$$libinit$$0000001F          0x08000162   Section        0  libinit2.o(.ARM.Collect$$libinit$$0000001F)
    .ARM.Collect$$libinit$$00000021          0x08000162   Section        0  libinit2.o(.ARM.Collect$$libinit$$00000021)
    .ARM.Collect$$libinit$$00000023          0x08000162   Section        0  libinit2.o(.ARM.Collect$$libinit$$00000023)
    .ARM.Collect$$libinit$$00000025          0x08000162   Section        0  libinit2.o(.ARM.Collect$$libinit$$00000025)
    .ARM.Collect$$libinit$$0000002C          0x08000162   Section        0  libinit2.o(.ARM.Collect$$libinit$$0000002C)
    .ARM.Collect$$libinit$$0000002E          0x08000162   Section        0  libinit2.o(.ARM.Collect$$libinit$$0000002E)
    .ARM.Collect$$libinit$$00000030          0x08000162   Section        0  libinit2.o(.ARM.Collect$$libinit$$00000030)
    .ARM.Collect$$libinit$$00000032          0x08000162   Section        0  libinit2.o(.ARM.Collect$$libinit$$00000032)
    .ARM.Collect$$libinit$$00000033          0x08000162   Section        2  libinit2.o(.ARM.Collect$$libinit$$00000033)
    .ARM.Collect$$libshutdown$$00000000      0x08000164   Section        2  libshutdown.o(.ARM.Collect$$libshutdown$$00000000)
    .ARM.Collect$$libshutdown$$00000002      0x08000166   Section        0  libshutdown2.o(.ARM.Collect$$libshutdown$$00000002)
    .ARM.Collect$$libshutdown$$00000004      0x08000166   Section        0  libshutdown2.o(.ARM.Collect$$libshutdown$$00000004)
    .ARM.Collect$$libshutdown$$00000006      0x08000166   Section        0  libshutdown2.o(.ARM.Collect$$libshutdown$$00000006)
    .ARM.Collect$$libshutdown$$00000009      0x08000166   Section        0  libshutdown2.o(.ARM.Collect$$libshutdown$$00000009)
    .ARM.Collect$$libshutdown$$0000000C      0x08000166   Section        0  libshutdown2.o(.ARM.Collect$$libshutdown$$0000000C)
    .ARM.Collect$$libshutdown$$0000000E      0x08000166   Section        0  libshutdown2.o(.ARM.Collect$$libshutdown$$0000000E)
    .ARM.Collect$$libshutdown$$00000011      0x08000166   Section        0  libshutdown2.o(.ARM.Collect$$libshutdown$$00000011)
    .ARM.Collect$$libshutdown$$00000012      0x08000166   Section        2  libshutdown2.o(.ARM.Collect$$libshutdown$$00000012)
    .ARM.Collect$$rtentry$$00000000          0x08000168   Section        0  __rtentry.o(.ARM.Collect$$rtentry$$00000000)
    .ARM.Collect$$rtentry$$00000002          0x08000168   Section        0  __rtentry2.o(.ARM.Collect$$rtentry$$00000002)
    .ARM.Collect$$rtentry$$00000004          0x08000168   Section        6  __rtentry4.o(.ARM.Collect$$rtentry$$00000004)
    .ARM.Collect$$rtentry$$00000009          0x0800016e   Section        0  __rtentry2.o(.ARM.Collect$$rtentry$$00000009)
    .ARM.Collect$$rtentry$$0000000A          0x0800016e   Section        4  __rtentry2.o(.ARM.Collect$$rtentry$$0000000A)
    .ARM.Collect$$rtentry$$0000000B          0x08000172   Section        8  __rtentry2.o(.ARM.Collect$$rtentry$$0000000B)
    .ARM.Collect$$rtentry$$0000000D          0x0800017a   Section        8  __rtentry2.o(.ARM.Collect$$rtentry$$0000000D)
    .ARM.Collect$$rtexit$$00000000           0x08000182   Section        2  rtexit.o(.ARM.Collect$$rtexit$$00000000)
    .ARM.Collect$$rtexit$$00000002           0x08000184   Section        0  rtexit2.o(.ARM.Collect$$rtexit$$00000002)
    .ARM.Collect$$rtexit$$00000003           0x08000184   Section        4  rtexit2.o(.ARM.Collect$$rtexit$$00000003)
    .ARM.Collect$$rtexit$$00000004           0x08000188   Section        6  rtexit2.o(.ARM.Collect$$rtexit$$00000004)
    .emb_text                                0x08000190   Section       28  rtx_conf_cm.o(.emb_text)
    .emb_text                                0x080001ac   Section      304  hal_cm3.o(.emb_text)
    .text                                    0x080002dc   Section       64  startup_stm32f10x_md.o(.text)
    .text                                    0x0800031c   Section        8  libspace.o(.text)
    .text                                    0x08000324   Section        0  exit.o(.text)
    .text                                    0x08000336   Section      100  rt_memcpy_w.o(.text)
    .text                                    0x0800039a   Section        0  heapauxi.o(.text)
    .text                                    0x080003a0   Section        0  sys_exit.o(.text)
    .text                                    0x080003ac   Section       74  sys_stackheap_outer.o(.text)
    .text                                    0x080003f6   Section        2  use_no_semi.o(.text)
    .text                                    0x080003f8   Section        0  indicate_semi.o(.text)
    SVC_TABLE                                0x080003f8   Section        4  svc_table.o(SVC_TABLE)
    i.CANInit                                0x080003fc   Section        0  can.o(i.CANInit)
    i.CANMsgAvail                            0x08000570   Section        0  can.o(i.CANMsgAvail)
    i.CANReceive                             0x08000580   Section        0  can.o(i.CANReceive)
    i.CharacterBitMaps                       0x080005fc   Section        0  lcd.o(i.CharacterBitMaps)
    i.ClearScreen                            0x08000648   Section        0  lcd.o(i.ClearScreen)
    i.Delay                                  0x08000676   Section        0  lcd.o(i.Delay)
    i.DisplayScreen                          0x08000690   Section        0  lcd.o(i.DisplayScreen)
    i.InitLEDs                               0x08000770   Section        0  main.o(i.InitLEDs)
    i.InitialiseLCDPins                      0x080007e4   Section        0  lcd.o(i.InitialiseLCDPins)
    i.MicrosecondDelay                       0x08000844   Section        0  lcd.o(i.MicrosecondDelay)
    i.MoveCursor                             0x0800085c   Section        0  lcd.o(i.MoveCursor)
    i.OutputPaddedInteger                    0x0800087c   Section        0  lcd.o(i.OutputPaddedInteger)
    i.OutputString                           0x08000934   Section        0  lcd.o(i.OutputString)
    i.SaveCharacterToRAM                     0x08000a00   Section        0  lcd.o(i.SaveCharacterToRAM)
    i.ScreenSetup                            0x08000a30   Section        0  lcd.o(i.ScreenSetup)
    i.SetSysClock                            0x08000b0e   Section        0  system_stm32f10x.o(i.SetSysClock)
    SetSysClock                              0x08000b0f   Thumb Code     8  system_stm32f10x.o(i.SetSysClock)
    i.SetSysClockTo72                        0x08000b18   Section        0  system_stm32f10x.o(i.SetSysClockTo72)
    SetSysClockTo72                          0x08000b19   Thumb Code   214  system_stm32f10x.o(i.SetSysClockTo72)
    i.SystemInit                             0x08000bf8   Section        0  system_stm32f10x.o(i.SystemInit)
    i.TransmitCommand                        0x08000c58   Section        0  lcd.o(i.TransmitCommand)
    i.TransmitCommandParameter               0x08000c84   Section        0  lcd.o(i.TransmitCommandParameter)
    i.UpdateScreenParameter                  0x08000cb0   Section        0  lcd.o(i.UpdateScreenParameter)
    i.WriteByteToDataBus                     0x08000cdc   Section        0  lcd.o(i.WriteByteToDataBus)
    i._init_box                              0x08000cf0   Section        0  rt_membox.o(i._init_box)
    i._mutex_acquire                         0x08000d38   Section        0  rtx_conf_cm.o(i._mutex_acquire)
    __tagsym$$used                           0x08000d39   Number         0  rtx_conf_cm.o(i._mutex_acquire)
    i._mutex_release                         0x08000d58   Section        0  rtx_conf_cm.o(i._mutex_release)
    __tagsym$$used                           0x08000d59   Number         0  rtx_conf_cm.o(i._mutex_release)
    i.dbg_init                               0x08000d74   Section        0  hal_cm.o(i.dbg_init)
    i.dbg_task_notify                        0x08000da4   Section        0  hal_cm.o(i.dbg_task_notify)
    i.dbg_task_switch                        0x08000dc4   Section        0  hal_cm.o(i.dbg_task_switch)
    i.isrMessageGet                          0x08000dd4   Section        0  rt_cmsis.o(i.isrMessageGet)
    i.isrMessagePut                          0x08000dfe   Section        0  rt_cmsis.o(i.isrMessagePut)
    i.isr_mbx_receive                        0x08000e2c   Section        0  rt_mailbox.o(i.isr_mbx_receive)
    i.isr_mbx_send                           0x08000e82   Section        0  rt_mailbox.o(i.isr_mbx_send)
    i.main                                   0x08000e90   Section        0  main.o(i.main)
    i.osKernelInitialize                     0x08001154   Section        0  rt_cmsis.o(i.osKernelInitialize)
    i.osKernelStart                          0x08001178   Section        0  rt_cmsis.o(i.osKernelStart)
    i.osMessageGet                           0x080011e4   Section        0  rt_cmsis.o(i.osMessageGet)
    i.osThreadCreate                         0x080011fc   Section        0  rt_cmsis.o(i.osThreadCreate)
    i.osThreadExit                           0x08001228   Section        0  rt_cmsis.o(i.osThreadExit)
    i.osTimerCall                            0x08001240   Section        0  rt_cmsis.o(i.osTimerCall)
    i.osTimerThread                          0x0800124c   Section        0  rt_cmsis.o(i.osTimerThread)
    i.os_error                               0x08001278   Section        0  rtx_conf_cm.o(i.os_error)
    i.os_idle_demon                          0x0800129a   Section        0  rtx_conf_cm.o(i.os_idle_demon)
    i.os_tick_init                           0x080012a0   Section        0  rt_system.o(i.os_tick_init)
    i.os_tick_irqack                         0x080012c8   Section        0  rt_system.o(i.os_tick_irqack)
    i.rt_alloc_box                           0x080012ca   Section        0  rt_membox.o(i.rt_alloc_box)
    i.rt_alloc_mem                           0x080012e4   Section        0  rt_memory.o(i.rt_alloc_mem)
    i.rt_block                               0x08001324   Section        0  rt_task.o(i.rt_block)
    i.rt_chk_robin                           0x0800135c   Section        0  rt_robin.o(i.rt_chk_robin)
    i.rt_dec_dly                             0x080013a4   Section        0  rt_list.o(i.rt_dec_dly)
    i.rt_dispatch                            0x08001414   Section        0  rt_task.o(i.rt_dispatch)
    i.rt_evt_psh                             0x08001458   Section        0  rt_event.o(i.rt_evt_psh)
    i.rt_free_box                            0x080014a8   Section        0  rt_membox.o(i.rt_free_box)
    i.rt_free_mem                            0x080014d4   Section        0  rt_memory.o(i.rt_free_mem)
    i.rt_get_first                           0x080014fc   Section        0  rt_list.o(i.rt_get_first)
    i.rt_id2obj                              0x08001524   Section        0  rt_cmsis.o(i.rt_id2obj)
    rt_id2obj                                0x08001525   Thumb Code     8  rt_cmsis.o(i.rt_id2obj)
    i.rt_init_context                        0x0800152c   Section        0  rt_task.o(i.rt_init_context)
    rt_init_context                          0x0800152d   Thumb Code    66  rt_task.o(i.rt_init_context)
    i.rt_init_mem                            0x08001574   Section        0  rt_memory.o(i.rt_init_mem)
    i.rt_init_robin                          0x08001590   Section        0  rt_robin.o(i.rt_init_robin)
    i.rt_init_stack                          0x080015a8   Section        0  hal_cm.o(i.rt_init_stack)
    i.rt_mbx_check                           0x08001628   Section        0  rt_mailbox.o(i.rt_mbx_check)
    i.rt_mbx_init                            0x08001630   Section        0  rt_mailbox.o(i.rt_mbx_init)
    i.rt_mbx_psh                             0x0800164c   Section        0  rt_mailbox.o(i.rt_mbx_psh)
    i.rt_mbx_wait                            0x0800173c   Section        0  rt_mailbox.o(i.rt_mbx_wait)
    i.rt_ms2tick                             0x080017f0   Section        0  rt_cmsis.o(i.rt_ms2tick)
    rt_ms2tick                               0x080017f1   Thumb Code    58  rt_cmsis.o(i.rt_ms2tick)
    i.rt_mut_release                         0x08001834   Section        0  rt_mutex.o(i.rt_mut_release)
    i.rt_mut_wait                            0x0800190c   Section        0  rt_mutex.o(i.rt_mut_wait)
    i.rt_pop_req                             0x08001984   Section        0  rt_system.o(i.rt_pop_req)
    i.rt_psh_req                             0x08001a00   Section        0  rt_system.o(i.rt_psh_req)
    i.rt_psq_enq                             0x08001a20   Section        0  rt_list.o(i.rt_psq_enq)
    i.rt_put_dly                             0x08001a7c   Section        0  rt_list.o(i.rt_put_dly)
    i.rt_put_prio                            0x08001ac4   Section        0  rt_list.o(i.rt_put_prio)
    i.rt_put_rdy_first                       0x08001afc   Section        0  rt_list.o(i.rt_put_rdy_first)
    i.rt_resort_prio                         0x08001b10   Section        0  rt_list.o(i.rt_resort_prio)
    i.rt_ret_val                             0x08001b44   Section        0  hal_cm.o(i.rt_ret_val)
    i.rt_ret_val2                            0x08001b4a   Section        0  hal_cm.o(i.rt_ret_val2)
    i.rt_rmv_dly                             0x08001b52   Section        0  rt_list.o(i.rt_rmv_dly)
    i.rt_rmv_list                            0x08001b7c   Section        0  rt_list.o(i.rt_rmv_list)
    i.rt_sem_psh                             0x08001bac   Section        0  rt_semaphore.o(i.rt_sem_psh)
    i.rt_stk_check                           0x08001be0   Section        0  rt_system.o(i.rt_stk_check)
    i.rt_switch_req                          0x08001c04   Section        0  rt_task.o(i.rt_switch_req)
    i.rt_sys_init                            0x08001c2c   Section        0  rt_task.o(i.rt_sys_init)
    i.rt_sys_start                           0x08001cf8   Section        0  rt_task.o(i.rt_sys_start)
    i.rt_systick                             0x08001d70   Section        0  rt_system.o(i.rt_systick)
    i.rt_tid2ptcb                            0x08001db0   Section        0  rt_cmsis.o(i.rt_tid2ptcb)
    rt_tid2ptcb                              0x08001db1   Thumb Code    18  rt_cmsis.o(i.rt_tid2ptcb)
    i.rt_timer_insert                        0x08001dc4   Section        0  rt_cmsis.o(i.rt_timer_insert)
    rt_timer_insert                          0x08001dc5   Thumb Code    48  rt_cmsis.o(i.rt_timer_insert)
    i.rt_tsk_create                          0x08001df8   Section        0  rt_task.o(i.rt_tsk_create)
    i.rt_tsk_delete                          0x08001e80   Section        0  rt_task.o(i.rt_tsk_delete)
    i.rt_tsk_prio                            0x08001ffc   Section        0  rt_task.o(i.rt_tsk_prio)
    i.rt_tsk_self                            0x08002078   Section        0  rt_task.o(i.rt_tsk_self)
    i.svcKernelInitialize                    0x08002088   Section        0  rt_cmsis.o(i.svcKernelInitialize)
    i.svcKernelStart                         0x080020f8   Section        0  rt_cmsis.o(i.svcKernelStart)
    i.svcMessageCreate                       0x08002140   Section        0  rt_cmsis.o(i.svcMessageCreate)
    i.svcMessageGet                          0x08002164   Section        0  rt_cmsis.o(i.svcMessageGet)
    i.svcThreadCreate                        0x080021a0   Section        0  rt_cmsis.o(i.svcThreadCreate)
    i.svcThreadGetId                         0x0800220c   Section        0  rt_cmsis.o(i.svcThreadGetId)
    i.svcThreadTerminate                     0x08002228   Section        0  rt_cmsis.o(i.svcThreadTerminate)
    i.svcTimerCall                           0x08002260   Section        0  rt_cmsis.o(i.svcTimerCall)
    i.sysTimerTick                           0x08002278   Section        0  rt_cmsis.o(i.sysTimerTick)
    x$fpl$d2f                                0x080022d4   Section       98  d2f.o(x$fpl$d2f)
    x$fpl$dmul                               0x08002338   Section      340  dmul.o(x$fpl$dmul)
    x$fpl$dnaninf                            0x0800248c   Section      156  dnaninf.o(x$fpl$dnaninf)
    x$fpl$dretinf                            0x08002528   Section       12  dretinf.o(x$fpl$dretinf)
    x$fpl$f2d                                0x08002534   Section       86  f2d.o(x$fpl$f2d)
    x$fpl$fcmpinf                            0x0800258a   Section       24  fcmpi.o(x$fpl$fcmpinf)
    x$fpl$ffix                               0x080025a4   Section       54  ffix.o(x$fpl$ffix)
    x$fpl$ffixu                              0x080025dc   Section       62  ffixu.o(x$fpl$ffixu)
    x$fpl$fleqf                              0x0800261c   Section      104  fleqf.o(x$fpl$fleqf)
    x$fpl$fmul                               0x08002684   Section      258  fmul.o(x$fpl$fmul)
    x$fpl$fnaninf                            0x08002786   Section      140  fnaninf.o(x$fpl$fnaninf)
    x$fpl$fretinf                            0x08002812   Section       10  fretinf.o(x$fpl$fretinf)
    .constdata                               0x0800281c   Section       18  can.o(.constdata)
    x$fpl$usenofp                            0x0800281c   Section        0  usenofp.o(x$fpl$usenofp)
    .constdata                               0x08002830   Section      256  lcd.o(.constdata)
    .constdata                               0x08002930   Section      104  rtx_conf_cm.o(.constdata)
    __tagsym$$used                           0x0800294c   Number         0  rtx_conf_cm.o(.constdata)
    __tagsym$$used                           0x08002950   Number         0  rtx_conf_cm.o(.constdata)
    __tagsym$$used                           0x08002954   Number         0  rtx_conf_cm.o(.constdata)
    __tagsym$$used                           0x08002958   Number         0  rtx_conf_cm.o(.constdata)
    .data                                    0x20000000   Section       12  main.o(.data)
    .data                                    0x2000000c   Section      164  lcd.o(.data)
    LOOKUPTABLE                              0x2000000c   Data         164  lcd.o(.data)
    .data                                    0x200000b0   Section       20  rtx_conf_cm.o(.data)
    nr_mutex                                 0x200000c0   Data           4  rtx_conf_cm.o(.data)
    .data                                    0x200000c4   Section        8  rt_cmsis.o(.data)
    .data                                    0x200000cc   Section        8  rt_task.o(.data)
    .data                                    0x200000d4   Section        8  rt_system.o(.data)
    os_lock                                  0x200000d4   Data           1  rt_system.o(.data)
    os_psh_flag                              0x200000d5   Data           1  rt_system.o(.data)
    pend_flags                               0x200000d6   Data           1  rt_system.o(.data)
    .data                                    0x200000dc   Section        4  rt_time.o(.data)
    .data                                    0x200000e0   Section        8  rt_robin.o(.data)
    .data                                    0x200000e8   Section        1  hal_cm.o(.data)
    .bss                                     0x200000ec   Section       12  main.o(.bss)
    .bss                                     0x200000f8   Section     3016  rtx_conf_cm.o(.bss)
    std_libspace                             0x200009a0   Data         672  rtx_conf_cm.o(.bss)
    std_libmutex                             0x20000c40   Data         128  rtx_conf_cm.o(.bss)
    .bss                                     0x20000cc0   Section       52  rt_task.o(.bss)
    .bss                                     0x20000cf4   Section       48  rt_list.o(.bss)
    .bss                                     0x20000d24   Section       96  libspace.o(.bss)
    HEAP                                     0x20000d88   Section      512  startup_stm32f10x_md.o(HEAP)
    Heap_Mem                                 0x20000d88   Data         512  startup_stm32f10x_md.o(HEAP)
    STACK                                    0x20000f88   Section     1024  startup_stm32f10x_md.o(STACK)
    Stack_Mem                                0x20000f88   Data        1024  startup_stm32f10x_md.o(STACK)
    __initial_sp                             0x20001388   Data           0  startup_stm32f10x_md.o(STACK)

    Global Symbols

    Symbol Name                              Value     Ov Type        Size  Object(Section)

    BuildAttributes$$THM_ISAv4$P$D$K$B$S$PE$A:L22UL41UL21$X:L11$S22US41US21$IEEE1$IW$USESV6$~STKCKD$USESV7$~SHL$OSPACE$ROPI$EBA8$UX$STANDARDLIB$REQ8$PRES8$EABIv2 0x00000000   Number         0  anon$$obj.o ABSOLUTE
    __ARM_use_no_argv                        0x00000000   Number         0  main.o ABSOLUTE
    __ARM_exceptions_init                     - Undefined Weak Reference
    __alloca_initialize                       - Undefined Weak Reference
    __arm_fini_                               - Undefined Weak Reference
    __arm_preinit_                            - Undefined Weak Reference
    __cpp_initialize__aeabi_                  - Undefined Weak Reference
    __cxa_finalize                            - Undefined Weak Reference
    __rt_locale                               - Undefined Weak Reference
    __sigvec_lookup                           - Undefined Weak Reference
    _atexit_init                              - Undefined Weak Reference
    _call_atexit_fns                          - Undefined Weak Reference
    _clock_init                               - Undefined Weak Reference
    _fp_trap_init                             - Undefined Weak Reference
    _fp_trap_shutdown                         - Undefined Weak Reference
    _get_lc_collate                           - Undefined Weak Reference
    _get_lc_ctype                             - Undefined Weak Reference
    _get_lc_monetary                          - Undefined Weak Reference
    _get_lc_numeric                           - Undefined Weak Reference
    _get_lc_time                              - Undefined Weak Reference
    _getenv_init                              - Undefined Weak Reference
    _handle_redirection                       - Undefined Weak Reference
    _init_alloc                               - Undefined Weak Reference
    _init_user_alloc                          - Undefined Weak Reference
    _initio                                   - Undefined Weak Reference
    _rand_init                                - Undefined Weak Reference
    _signal_finish                            - Undefined Weak Reference
    _signal_init                              - Undefined Weak Reference
    _terminate_alloc                          - Undefined Weak Reference
    _terminate_user_alloc                     - Undefined Weak Reference
    _terminateio                              - Undefined Weak Reference
    __Vectors_Size                           0x000000ec   Number         0  startup_stm32f10x_md.o ABSOLUTE
    __RL_RTX_VER                             0x00000482   Number         0  rt_system.o ABSOLUTE
    __Vectors                                0x08000000   Data           4  startup_stm32f10x_md.o(RESET)
    __Vectors_End                            0x080000ec   Data           0  startup_stm32f10x_md.o(RESET)
    __main                                   0x080000ed   Thumb Code     8  __main.o(!!!main)
    __scatterload                            0x080000f5   Thumb Code     0  __scatter.o(!!!scatter)
    __scatterload_rt2                        0x080000f5   Thumb Code    44  __scatter.o(!!!scatter)
    __scatterload_rt2_thumb_only             0x080000f5   Thumb Code     0  __scatter.o(!!!scatter)
    __scatterload_null                       0x08000103   Thumb Code     0  __scatter.o(!!!scatter)
    __scatterload_copy                       0x08000129   Thumb Code    26  __scatter_copy.o(!!handler_copy)
    __scatterload_zeroinit                   0x08000145   Thumb Code    28  __scatter_zi.o(!!handler_zi)
    __rt_lib_init                            0x08000161   Thumb Code     0  libinit.o(.ARM.Collect$$libinit$$00000000)
    __rt_lib_init_alloca_1                   0x08000163   Thumb Code     0  libinit2.o(.ARM.Collect$$libinit$$0000002E)
    __rt_lib_init_argv_1                     0x08000163   Thumb Code     0  libinit2.o(.ARM.Collect$$libinit$$0000002C)
    __rt_lib_init_atexit_1                   0x08000163   Thumb Code     0  libinit2.o(.ARM.Collect$$libinit$$0000001B)
    __rt_lib_init_clock_1                    0x08000163   Thumb Code     0  libinit2.o(.ARM.Collect$$libinit$$00000021)
    __rt_lib_init_cpp_1                      0x08000163   Thumb Code     0  libinit2.o(.ARM.Collect$$libinit$$00000032)
    __rt_lib_init_exceptions_1               0x08000163   Thumb Code     0  libinit2.o(.ARM.Collect$$libinit$$00000030)
    __rt_lib_init_fp_1                       0x08000163   Thumb Code     0  libinit2.o(.ARM.Collect$$libinit$$00000002)
    __rt_lib_init_fp_trap_1                  0x08000163   Thumb Code     0  libinit2.o(.ARM.Collect$$libinit$$0000001F)
    __rt_lib_init_getenv_1                   0x08000163   Thumb Code     0  libinit2.o(.ARM.Collect$$libinit$$00000023)
    __rt_lib_init_heap_1                     0x08000163   Thumb Code     0  libinit2.o(.ARM.Collect$$libinit$$0000000A)
    __rt_lib_init_lc_collate_1               0x08000163   Thumb Code     0  libinit2.o(.ARM.Collect$$libinit$$00000011)
    __rt_lib_init_lc_ctype_1                 0x08000163   Thumb Code     0  libinit2.o(.ARM.Collect$$libinit$$00000013)
    __rt_lib_init_lc_monetary_1              0x08000163   Thumb Code     0  libinit2.o(.ARM.Collect$$libinit$$00000015)
    __rt_lib_init_lc_numeric_1               0x08000163   Thumb Code     0  libinit2.o(.ARM.Collect$$libinit$$00000017)
    __rt_lib_init_lc_time_1                  0x08000163   Thumb Code     0  libinit2.o(.ARM.Collect$$libinit$$00000019)
    __rt_lib_init_preinit_1                  0x08000163   Thumb Code     0  libinit2.o(.ARM.Collect$$libinit$$00000004)
    __rt_lib_init_rand_1                     0x08000163   Thumb Code     0  libinit2.o(.ARM.Collect$$libinit$$0000000E)
    __rt_lib_init_return                     0x08000163   Thumb Code     0  libinit2.o(.ARM.Collect$$libinit$$00000033)
    __rt_lib_init_signal_1                   0x08000163   Thumb Code     0  libinit2.o(.ARM.Collect$$libinit$$0000001D)
    __rt_lib_init_stdio_1                    0x08000163   Thumb Code     0  libinit2.o(.ARM.Collect$$libinit$$00000025)
    __rt_lib_init_user_alloc_1               0x08000163   Thumb Code     0  libinit2.o(.ARM.Collect$$libinit$$0000000C)
    __rt_lib_shutdown                        0x08000165   Thumb Code     0  libshutdown.o(.ARM.Collect$$libshutdown$$00000000)
    __rt_lib_shutdown_cpp_1                  0x08000167   Thumb Code     0  libshutdown2.o(.ARM.Collect$$libshutdown$$00000004)
    __rt_lib_shutdown_fini_1                 0x08000167   Thumb Code     0  libshutdown2.o(.ARM.Collect$$libshutdown$$00000002)
    __rt_lib_shutdown_fp_trap_1              0x08000167   Thumb Code     0  libshutdown2.o(.ARM.Collect$$libshutdown$$00000009)
    __rt_lib_shutdown_heap_1                 0x08000167   Thumb Code     0  libshutdown2.o(.ARM.Collect$$libshutdown$$00000011)
    __rt_lib_shutdown_return                 0x08000167   Thumb Code     0  libshutdown2.o(.ARM.Collect$$libshutdown$$00000012)
    __rt_lib_shutdown_signal_1               0x08000167   Thumb Code     0  libshutdown2.o(.ARM.Collect$$libshutdown$$0000000C)
    __rt_lib_shutdown_stdio_1                0x08000167   Thumb Code     0  libshutdown2.o(.ARM.Collect$$libshutdown$$00000006)
    __rt_lib_shutdown_user_alloc_1           0x08000167   Thumb Code     0  libshutdown2.o(.ARM.Collect$$libshutdown$$0000000E)
    __rt_entry                               0x08000169   Thumb Code     0  __rtentry.o(.ARM.Collect$$rtentry$$00000000)
    __rt_entry_presh_1                       0x08000169   Thumb Code     0  __rtentry2.o(.ARM.Collect$$rtentry$$00000002)
    __rt_entry_sh                            0x08000169   Thumb Code     0  __rtentry4.o(.ARM.Collect$$rtentry$$00000004)
    __rt_entry_li                            0x0800016f   Thumb Code     0  __rtentry2.o(.ARM.Collect$$rtentry$$0000000A)
    __rt_entry_postsh_1                      0x0800016f   Thumb Code     0  __rtentry2.o(.ARM.Collect$$rtentry$$00000009)
    __rt_entry_postli_1                      0x08000173   Thumb Code     0  __rtentry2.o(.ARM.Collect$$rtentry$$0000000B)
    __rt_entry_main                          0x0800017b   Thumb Code     0  __rtentry2.o(.ARM.Collect$$rtentry$$0000000D)
    __rt_exit                                0x08000183   Thumb Code     0  rtexit.o(.ARM.Collect$$rtexit$$00000000)
    __rt_exit_ls                             0x08000185   Thumb Code     0  rtexit2.o(.ARM.Collect$$rtexit$$00000003)
    __rt_exit_prels_1                        0x08000185   Thumb Code     0  rtexit2.o(.ARM.Collect$$rtexit$$00000002)
    __rt_exit_exit                           0x08000189   Thumb Code     0  rtexit2.o(.ARM.Collect$$rtexit$$00000004)
    _platform_post_lib_init                  0x08000191   Thumb Code    24  rtx_conf_cm.o(.emb_text)
    rt_set_PSP                               0x080001ad   Thumb Code     6  hal_cm3.o(.emb_text)
    rt_get_PSP                               0x080001b3   Thumb Code     6  hal_cm3.o(.emb_text)
    os_set_env                               0x080001b9   Thumb Code    24  hal_cm3.o(.emb_text)
    _alloc_box                               0x080001d5   Thumb Code    28  hal_cm3.o(.emb_text)
    _free_box                                0x080001f5   Thumb Code    28  hal_cm3.o(.emb_text)
    SVC_Handler                              0x08000215   Thumb Code   108  hal_cm3.o(.emb_text)
    PendSV_Handler                           0x0800028d   Thumb Code    56  hal_cm3.o(.emb_text)
    SysTick_Handler                          0x080002c9   Thumb Code     8  hal_cm3.o(.emb_text)
    OS_Tick_Handler                          0x080002d1   Thumb Code    12  hal_cm3.o(.emb_text)
    Reset_Handler                            0x080002dd   Thumb Code     8  startup_stm32f10x_md.o(.text)
    NMI_Handler                              0x080002e5   Thumb Code     2  startup_stm32f10x_md.o(.text)
    HardFault_Handler                        0x080002e7   Thumb Code     2  startup_stm32f10x_md.o(.text)
    MemManage_Handler                        0x080002e9   Thumb Code     2  startup_stm32f10x_md.o(.text)
    BusFault_Handler                         0x080002eb   Thumb Code     2  startup_stm32f10x_md.o(.text)
    UsageFault_Handler                       0x080002ed   Thumb Code     2  startup_stm32f10x_md.o(.text)
    DebugMon_Handler                         0x080002f1   Thumb Code     2  startup_stm32f10x_md.o(.text)
    ADC1_2_IRQHandler                        0x080002f7   Thumb Code     0  startup_stm32f10x_md.o(.text)
    CAN1_RX1_IRQHandler                      0x080002f7   Thumb Code     0  startup_stm32f10x_md.o(.text)
    CAN1_SCE_IRQHandler                      0x080002f7   Thumb Code     0  startup_stm32f10x_md.o(.text)
    DMA1_Channel1_IRQHandler                 0x080002f7   Thumb Code     0  startup_stm32f10x_md.o(.text)
    DMA1_Channel2_IRQHandler                 0x080002f7   Thumb Code     0  startup_stm32f10x_md.o(.text)
    DMA1_Channel3_IRQHandler                 0x080002f7   Thumb Code     0  startup_stm32f10x_md.o(.text)
    DMA1_Channel4_IRQHandler                 0x080002f7   Thumb Code     0  startup_stm32f10x_md.o(.text)
    DMA1_Channel5_IRQHandler                 0x080002f7   Thumb Code     0  startup_stm32f10x_md.o(.text)
    DMA1_Channel6_IRQHandler                 0x080002f7   Thumb Code     0  startup_stm32f10x_md.o(.text)
    DMA1_Channel7_IRQHandler                 0x080002f7   Thumb Code     0  startup_stm32f10x_md.o(.text)
    EXTI0_IRQHandler                         0x080002f7   Thumb Code     0  startup_stm32f10x_md.o(.text)
    EXTI15_10_IRQHandler                     0x080002f7   Thumb Code     0  startup_stm32f10x_md.o(.text)
    EXTI1_IRQHandler                         0x080002f7   Thumb Code     0  startup_stm32f10x_md.o(.text)
    EXTI2_IRQHandler                         0x080002f7   Thumb Code     0  startup_stm32f10x_md.o(.text)
    EXTI3_IRQHandler                         0x080002f7   Thumb Code     0  startup_stm32f10x_md.o(.text)
    EXTI4_IRQHandler                         0x080002f7   Thumb Code     0  startup_stm32f10x_md.o(.text)
    EXTI9_5_IRQHandler                       0x080002f7   Thumb Code     0  startup_stm32f10x_md.o(.text)
    FLASH_IRQHandler                         0x080002f7   Thumb Code     0  startup_stm32f10x_md.o(.text)
    I2C1_ER_IRQHandler                       0x080002f7   Thumb Code     0  startup_stm32f10x_md.o(.text)
    I2C1_EV_IRQHandler                       0x080002f7   Thumb Code     0  startup_stm32f10x_md.o(.text)
    I2C2_ER_IRQHandler                       0x080002f7   Thumb Code     0  startup_stm32f10x_md.o(.text)
    I2C2_EV_IRQHandler                       0x080002f7   Thumb Code     0  startup_stm32f10x_md.o(.text)
    PVD_IRQHandler                           0x080002f7   Thumb Code     0  startup_stm32f10x_md.o(.text)
    RCC_IRQHandler                           0x080002f7   Thumb Code     0  startup_stm32f10x_md.o(.text)
    RTCAlarm_IRQHandler                      0x080002f7   Thumb Code     0  startup_stm32f10x_md.o(.text)
    RTC_IRQHandler                           0x080002f7   Thumb Code     0  startup_stm32f10x_md.o(.text)
    SPI1_IRQHandler                          0x080002f7   Thumb Code     0  startup_stm32f10x_md.o(.text)
    SPI2_IRQHandler                          0x080002f7   Thumb Code     0  startup_stm32f10x_md.o(.text)
    TAMPER_IRQHandler                        0x080002f7   Thumb Code     0  startup_stm32f10x_md.o(.text)
    TIM1_BRK_IRQHandler                      0x080002f7   Thumb Code     0  startup_stm32f10x_md.o(.text)
    TIM1_CC_IRQHandler                       0x080002f7   Thumb Code     0  startup_stm32f10x_md.o(.text)
    TIM1_TRG_COM_IRQHandler                  0x080002f7   Thumb Code     0  startup_stm32f10x_md.o(.text)
    TIM1_UP_IRQHandler                       0x080002f7   Thumb Code     0  startup_stm32f10x_md.o(.text)
    TIM2_IRQHandler                          0x080002f7   Thumb Code     0  startup_stm32f10x_md.o(.text)
    TIM3_IRQHandler                          0x080002f7   Thumb Code     0  startup_stm32f10x_md.o(.text)
    TIM4_IRQHandler                          0x080002f7   Thumb Code     0  startup_stm32f10x_md.o(.text)
    USART1_IRQHandler                        0x080002f7   Thumb Code     0  startup_stm32f10x_md.o(.text)
    USART2_IRQHandler                        0x080002f7   Thumb Code     0  startup_stm32f10x_md.o(.text)
    USART3_IRQHandler                        0x080002f7   Thumb Code     0  startup_stm32f10x_md.o(.text)
    USBWakeUp_IRQHandler                     0x080002f7   Thumb Code     0  startup_stm32f10x_md.o(.text)
    USB_HP_CAN1_TX_IRQHandler                0x080002f7   Thumb Code     0  startup_stm32f10x_md.o(.text)
    USB_LP_CAN1_RX0_IRQHandler               0x080002f7   Thumb Code     0  startup_stm32f10x_md.o(.text)
    WWDG_IRQHandler                          0x080002f7   Thumb Code     0  startup_stm32f10x_md.o(.text)
    __user_initial_stackheap                 0x080002f9   Thumb Code     0  startup_stm32f10x_md.o(.text)
    __user_libspace                          0x0800031d   Thumb Code     8  libspace.o(.text)
    __user_perproc_libspace                  0x0800031d   Thumb Code     0  libspace.o(.text)
    exit                                     0x08000325   Thumb Code    18  exit.o(.text)
    __aeabi_memcpy4                          0x08000337   Thumb Code     0  rt_memcpy_w.o(.text)
    __aeabi_memcpy8                          0x08000337   Thumb Code     0  rt_memcpy_w.o(.text)
    __rt_memcpy_w                            0x08000337   Thumb Code   100  rt_memcpy_w.o(.text)
    _memcpy_lastbytes_aligned                0x0800037f   Thumb Code     0  rt_memcpy_w.o(.text)
    __use_two_region_memory                  0x0800039b   Thumb Code     2  heapauxi.o(.text)
    __rt_heap_escrow$2region                 0x0800039d   Thumb Code     2  heapauxi.o(.text)
    __rt_heap_expand$2region                 0x0800039f   Thumb Code     2  heapauxi.o(.text)
    _sys_exit                                0x080003a1   Thumb Code     8  sys_exit.o(.text)
    __user_setup_stackheap                   0x080003ad   Thumb Code    74  sys_stackheap_outer.o(.text)
    __I$use$semihosting                      0x080003f7   Thumb Code     0  use_no_semi.o(.text)
    __use_no_semihosting_swi                 0x080003f7   Thumb Code     2  use_no_semi.o(.text)
    SVC_Count                                0x080003f8   Data           4  svc_table.o(SVC_TABLE)
    __semihosting_library_function           0x080003f9   Thumb Code     0  indicate_semi.o(.text)
    CANInit                                  0x080003fd   Thumb Code   342  can.o(i.CANInit)
    SVC_Table                                0x080003fc   Data           0  svc_table.o(SVC_TABLE)
    CANMsgAvail                              0x08000571   Thumb Code    10  can.o(i.CANMsgAvail)
    CANReceive                               0x08000581   Thumb Code   116  can.o(i.CANReceive)
    CharacterBitMaps                         0x080005fd   Thumb Code    70  lcd.o(i.CharacterBitMaps)
    ClearScreen                              0x08000649   Thumb Code    46  lcd.o(i.ClearScreen)
    Delay                                    0x08000677   Thumb Code    26  lcd.o(i.Delay)
    DisplayScreen                            0x08000691   Thumb Code   198  lcd.o(i.DisplayScreen)
    InitLEDs                                 0x08000771   Thumb Code    94  main.o(i.InitLEDs)
    InitialiseLCDPins                        0x080007e5   Thumb Code    82  lcd.o(i.InitialiseLCDPins)
    MicrosecondDelay                         0x08000845   Thumb Code    24  lcd.o(i.MicrosecondDelay)
    MoveCursor                               0x0800085d   Thumb Code    32  lcd.o(i.MoveCursor)
    OutputPaddedInteger                      0x0800087d   Thumb Code   156  lcd.o(i.OutputPaddedInteger)
    OutputString                             0x08000935   Thumb Code   198  lcd.o(i.OutputString)
    SaveCharacterToRAM                       0x08000a01   Thumb Code    48  lcd.o(i.SaveCharacterToRAM)
    ScreenSetup                              0x08000a31   Thumb Code   222  lcd.o(i.ScreenSetup)
    SystemInit                               0x08000bf9   Thumb Code    78  system_stm32f10x.o(i.SystemInit)
    TransmitCommand                          0x08000c59   Thumb Code    40  lcd.o(i.TransmitCommand)
    TransmitCommandParameter                 0x08000c85   Thumb Code    40  lcd.o(i.TransmitCommandParameter)
    UpdateScreenParameter                    0x08000cb1   Thumb Code    34  lcd.o(i.UpdateScreenParameter)
    WriteByteToDataBus                       0x08000cdd   Thumb Code    16  lcd.o(i.WriteByteToDataBus)
    _init_box                                0x08000cf1   Thumb Code    70  rt_membox.o(i._init_box)
    _mutex_acquire                           0x08000d39   Thumb Code    22  rtx_conf_cm.o(i._mutex_acquire)
    _mutex_release                           0x08000d59   Thumb Code    18  rtx_conf_cm.o(i._mutex_release)
    dbg_init                                 0x08000d75   Thumb Code    34  hal_cm.o(i.dbg_init)
    dbg_task_notify                          0x08000da5   Thumb Code    32  hal_cm.o(i.dbg_task_notify)
    dbg_task_switch                          0x08000dc5   Thumb Code    16  hal_cm.o(i.dbg_task_switch)
    isrMessageGet                            0x08000dd5   Thumb Code    42  rt_cmsis.o(i.isrMessageGet)
    isrMessagePut                            0x08000dff   Thumb Code    44  rt_cmsis.o(i.isrMessagePut)
    isr_mbx_receive                          0x08000e2d   Thumb Code    86  rt_mailbox.o(i.isr_mbx_receive)
    isr_mbx_send                             0x08000e83   Thumb Code    14  rt_mailbox.o(i.isr_mbx_send)
    main                                     0x08000e91   Thumb Code   678  main.o(i.main)
    osKernelInitialize                       0x08001155   Thumb Code    30  rt_cmsis.o(i.osKernelInitialize)
    osKernelStart                            0x08001179   Thumb Code    98  rt_cmsis.o(i.osKernelStart)
    osMessageGet                             0x080011e5   Thumb Code    18  rt_cmsis.o(i.osMessageGet)
    osThreadCreate                           0x080011fd   Thumb Code    36  rt_cmsis.o(i.osThreadCreate)
    osThreadExit                             0x08001229   Thumb Code    14  rt_cmsis.o(i.osThreadExit)
    osTimerCall                              0x08001241   Thumb Code     8  rt_cmsis.o(i.osTimerCall)
    osTimerThread                            0x0800124d   Thumb Code    38  rt_cmsis.o(i.osTimerThread)
    os_error                                 0x08001279   Thumb Code    34  rtx_conf_cm.o(i.os_error)
    os_idle_demon                            0x0800129b   Thumb Code     4  rtx_conf_cm.o(i.os_idle_demon)
    os_tick_init                             0x080012a1   Thumb Code    32  rt_system.o(i.os_tick_init)
    os_tick_irqack                           0x080012c9   Thumb Code     2  rt_system.o(i.os_tick_irqack)
    rt_alloc_box                             0x080012cb   Thumb Code    26  rt_membox.o(i.rt_alloc_box)
    rt_alloc_mem                             0x080012e5   Thumb Code    62  rt_memory.o(i.rt_alloc_mem)
    rt_block                                 0x08001325   Thumb Code    48  rt_task.o(i.rt_block)
    rt_chk_robin                             0x0800135d   Thumb Code    60  rt_robin.o(i.rt_chk_robin)
    rt_dec_dly                               0x080013a5   Thumb Code   102  rt_list.o(i.rt_dec_dly)
    rt_dispatch                              0x08001415   Thumb Code    60  rt_task.o(i.rt_dispatch)
    rt_evt_psh                               0x08001459   Thumb Code    76  rt_event.o(i.rt_evt_psh)
    rt_free_box                              0x080014a9   Thumb Code    44  rt_membox.o(i.rt_free_box)
    rt_free_mem                              0x080014d5   Thumb Code    40  rt_memory.o(i.rt_free_mem)
    rt_get_first                             0x080014fd   Thumb Code    40  rt_list.o(i.rt_get_first)
    rt_init_mem                              0x08001575   Thumb Code    26  rt_memory.o(i.rt_init_mem)
    rt_init_robin                            0x08001591   Thumb Code    14  rt_robin.o(i.rt_init_robin)
    rt_init_stack                            0x080015a9   Thumb Code   118  hal_cm.o(i.rt_init_stack)
    rt_mbx_check                             0x08001629   Thumb Code     8  rt_mailbox.o(i.rt_mbx_check)
    rt_mbx_init                              0x08001631   Thumb Code    26  rt_mailbox.o(i.rt_mbx_init)
    rt_mbx_psh                               0x0800164d   Thumb Code   236  rt_mailbox.o(i.rt_mbx_psh)
    rt_mbx_wait                              0x0800173d   Thumb Code   174  rt_mailbox.o(i.rt_mbx_wait)
    rt_mut_release                           0x08001835   Thumb Code   208  rt_mutex.o(i.rt_mut_release)
    rt_mut_wait                              0x0800190d   Thumb Code   114  rt_mutex.o(i.rt_mut_wait)
    rt_pop_req                               0x08001985   Thumb Code   112  rt_system.o(i.rt_pop_req)
    rt_psh_req                               0x08001a01   Thumb Code    22  rt_system.o(i.rt_psh_req)
    rt_psq_enq                               0x08001a21   Thumb Code    88  rt_list.o(i.rt_psq_enq)
    rt_put_dly                               0x08001a7d   Thumb Code    68  rt_list.o(i.rt_put_dly)
    rt_put_prio                              0x08001ac5   Thumb Code    54  rt_list.o(i.rt_put_prio)
    rt_put_rdy_first                         0x08001afd   Thumb Code    14  rt_list.o(i.rt_put_rdy_first)
    rt_resort_prio                           0x08001b11   Thumb Code    46  rt_list.o(i.rt_resort_prio)
    rt_ret_val                               0x08001b45   Thumb Code     6  hal_cm.o(i.rt_ret_val)
    rt_ret_val2                              0x08001b4b   Thumb Code     8  hal_cm.o(i.rt_ret_val2)
    rt_rmv_dly                               0x08001b53   Thumb Code    40  rt_list.o(i.rt_rmv_dly)
    rt_rmv_list                              0x08001b7d   Thumb Code    44  rt_list.o(i.rt_rmv_list)
    rt_sem_psh                               0x08001bad   Thumb Code    48  rt_semaphore.o(i.rt_sem_psh)
    rt_stk_check                             0x08001be1   Thumb Code    28  rt_system.o(i.rt_stk_check)
    rt_switch_req                            0x08001c05   Thumb Code    30  rt_task.o(i.rt_switch_req)
    rt_sys_init                              0x08001c2d   Thumb Code   138  rt_task.o(i.rt_sys_init)
    rt_sys_start                             0x08001cf9   Thumb Code   110  rt_task.o(i.rt_sys_start)
    rt_systick                               0x08001d71   Thumb Code    50  rt_system.o(i.rt_systick)
    rt_tsk_create                            0x08001df9   Thumb Code   118  rt_task.o(i.rt_tsk_create)
    rt_tsk_delete                            0x08001e81   Thumb Code   352  rt_task.o(i.rt_tsk_delete)
    rt_tsk_prio                              0x08001ffd   Thumb Code   108  rt_task.o(i.rt_tsk_prio)
    rt_tsk_self                              0x08002079   Thumb Code    12  rt_task.o(i.rt_tsk_self)
    svcKernelInitialize                      0x08002089   Thumb Code    80  rt_cmsis.o(i.svcKernelInitialize)
    svcKernelStart                           0x080020f9   Thumb Code    62  rt_cmsis.o(i.svcKernelStart)
    svcMessageCreate                         0x08002141   Thumb Code    36  rt_cmsis.o(i.svcMessageCreate)
    svcMessageGet                            0x08002165   Thumb Code    58  rt_cmsis.o(i.svcMessageGet)
    svcThreadCreate                          0x080021a1   Thumb Code    96  rt_cmsis.o(i.svcThreadCreate)
    svcThreadGetId                           0x0800220d   Thumb Code    22  rt_cmsis.o(i.svcThreadGetId)
    svcThreadTerminate                       0x08002229   Thumb Code    50  rt_cmsis.o(i.svcThreadTerminate)
    svcTimerCall                             0x08002261   Thumb Code    24  rt_cmsis.o(i.svcTimerCall)
    sysTimerTick                             0x08002279   Thumb Code    84  rt_cmsis.o(i.sysTimerTick)
    __aeabi_d2f                              0x080022d5   Thumb Code     0  d2f.o(x$fpl$d2f)
    _d2f                                     0x080022d5   Thumb Code    98  d2f.o(x$fpl$d2f)
    __aeabi_dmul                             0x08002339   Thumb Code     0  dmul.o(x$fpl$dmul)
    _dmul                                    0x08002339   Thumb Code   332  dmul.o(x$fpl$dmul)
    __fpl_dnaninf                            0x0800248d   Thumb Code   156  dnaninf.o(x$fpl$dnaninf)
    __fpl_dretinf                            0x08002529   Thumb Code    12  dretinf.o(x$fpl$dretinf)
    __aeabi_f2d                              0x08002535   Thumb Code     0  f2d.o(x$fpl$f2d)
    _f2d                                     0x08002535   Thumb Code    86  f2d.o(x$fpl$f2d)
    __fpl_fcmp_Inf                           0x0800258b   Thumb Code    24  fcmpi.o(x$fpl$fcmpinf)
    __aeabi_f2iz                             0x080025a5   Thumb Code     0  ffix.o(x$fpl$ffix)
    _ffix                                    0x080025a5   Thumb Code    54  ffix.o(x$fpl$ffix)
    __aeabi_f2uiz                            0x080025dd   Thumb Code     0  ffixu.o(x$fpl$ffixu)
    _ffixu                                   0x080025dd   Thumb Code    62  ffixu.o(x$fpl$ffixu)
    __aeabi_cfcmple                          0x0800261d   Thumb Code     0  fleqf.o(x$fpl$fleqf)
    _fcmple                                  0x0800261d   Thumb Code   104  fleqf.o(x$fpl$fleqf)
    __fpl_fcmple_InfNaN                      0x0800266f   Thumb Code     0  fleqf.o(x$fpl$fleqf)
    __aeabi_fmul                             0x08002685   Thumb Code     0  fmul.o(x$fpl$fmul)
    _fmul                                    0x08002685   Thumb Code   258  fmul.o(x$fpl$fmul)
    __fpl_fnaninf                            0x08002787   Thumb Code   140  fnaninf.o(x$fpl$fnaninf)
    __fpl_fretinf                            0x08002813   Thumb Code    10  fretinf.o(x$fpl$fretinf)
    __I$use$fp                               0x0800281c   Number         0  usenofp.o(x$fpl$usenofp)
    can_configs                              0x0800281c   Data          18  can.o(.constdata)
    os_maxtaskrun                            0x08002930   Data           2  rtx_conf_cm.o(.constdata)
    os_stackinfo                             0x08002934   Data           4  rtx_conf_cm.o(.constdata)
    os_rrobin                                0x08002938   Data           4  rtx_conf_cm.o(.constdata)
    os_tickfreq                              0x0800293c   Data           4  rtx_conf_cm.o(.constdata)
    os_tickus_i                              0x08002940   Data           2  rtx_conf_cm.o(.constdata)
    os_tickus_f                              0x08002942   Data           2  rtx_conf_cm.o(.constdata)
    os_trv                                   0x08002944   Data           4  rtx_conf_cm.o(.constdata)
    os_flags                                 0x08002948   Data           1  rtx_conf_cm.o(.constdata)
    CMSIS_RTOS_API_Version                   0x0800294c   Data           4  rtx_conf_cm.o(.constdata)
    CMSIS_RTOS_RTX_Version                   0x08002950   Data           4  rtx_conf_cm.o(.constdata)
    os_clockrate                             0x08002954   Data           4  rtx_conf_cm.o(.constdata)
    os_timernum                              0x08002958   Data           4  rtx_conf_cm.o(.constdata)
    mp_tcb_size                              0x0800295c   Data           2  rtx_conf_cm.o(.constdata)
    mp_stk_size                              0x08002960   Data           4  rtx_conf_cm.o(.constdata)
    os_stack_sz                              0x08002964   Data           4  rtx_conf_cm.o(.constdata)
    os_fifo_size                             0x08002968   Data           1  rtx_conf_cm.o(.constdata)
    os_thread_def_osTimerThread              0x0800296c   Data          16  rtx_conf_cm.o(.constdata)
    os_messageQ_def_osTimerMessageQ          0x0800297c   Data           8  rtx_conf_cm.o(.constdata)
    mp_tmr_size                              0x08002984   Data           2  rtx_conf_cm.o(.constdata)
    os_thread_def_main                       0x08002988   Data          16  rtx_conf_cm.o(.constdata)
    Region$$Table$$Base                      0x08002998   Number         0  anon$$obj.o(Region$$Table)
    Region$$Table$$Limit                     0x080029b8   Number         0  anon$$obj.o(Region$$Table)
    vel                                      0x20000000   Data           4  main.o(.data)
    cur                                      0x20000004   Data           4  main.o(.data)
    u                                        0x20000008   Data           4  main.o(.data)
    osThreadId_osTimerThread                 0x200000b0   Data           4  rtx_conf_cm.o(.data)
    osMessageQId_osTimerMessageQ             0x200000b4   Data           4  rtx_conf_cm.o(.data)
    os_tmr                                   0x200000b8   Data           4  rtx_conf_cm.o(.data)
    m_tmr                                    0x200000bc   Data           4  rtx_conf_cm.o(.data)
    os_initialized                           0x200000c4   Data           1  rt_cmsis.o(.data)
    os_running                               0x200000c5   Data           1  rt_cmsis.o(.data)
    os_timer_head                            0x200000c8   Data           4  rt_cmsis.o(.data)
    os_tsk                                   0x200000cc   Data           8  rt_task.o(.data)
    os_tick_irqn                             0x200000d8   Data           4  rt_system.o(.data)
    os_time                                  0x200000dc   Data           4  rt_time.o(.data)
    os_robin                                 0x200000e0   Data           8  rt_robin.o(.data)
    dbg_msg                                  0x200000e8   Data           1  hal_cm.o(.data)
    CAN_rx_msg                               0x200000ec   Data          12  main.o(.bss)
    mp_tcb                                   0x200000f8   Data         376  rtx_conf_cm.o(.bss)
    mp_stk                                   0x20000270   Data        1216  rtx_conf_cm.o(.bss)
    os_stack_mem                             0x20000730   Data         432  rtx_conf_cm.o(.bss)
    os_fifo                                  0x200008e0   Data         132  rtx_conf_cm.o(.bss)
    os_active_TCB                            0x20000964   Data          28  rtx_conf_cm.o(.bss)
    os_messageQ_q_osTimerMessageQ            0x20000980   Data          32  rtx_conf_cm.o(.bss)
    os_idle_TCB                              0x20000cc0   Data          52  rt_task.o(.bss)
    os_rdy                                   0x20000cf4   Data          24  rt_list.o(.bss)
    os_dly                                   0x20000d0c   Data          24  rt_list.o(.bss)
    __libspace_start                         0x20000d24   Data          96  libspace.o(.bss)
    __temporary_stack_top$libspace           0x20000d84   Data           0  libspace.o(.bss)



==============================================================================

Memory Map of the image

  Image Entry point : 0x080002dd

  Load Region LR_1 (Base: 0x08000000, Size: 0x00002aa4, Max: 0xffffffff, ABSOLUTE)

    Execution Region ER_RO (Exec base: 0x08000000, Load base: 0x08000000, Size: 0x000029b8, Max: 0xffffffff, ABSOLUTE)

    Exec Addr    Load Addr    Size         Type   Attr      Idx    E Section Name        Object

    0x08000000   0x08000000   0x000000ec   Data   RO          464    RESET               startup_stm32f10x_md.o
    0x080000ec   0x080000ec   0x00000008   Code   RO         1739  * !!!main             c_w.l(__main.o)
    0x080000f4   0x080000f4   0x00000034   Code   RO         1931    !!!scatter          c_w.l(__scatter.o)
    0x08000128   0x08000128   0x0000001a   Code   RO         1933    !!handler_copy      c_w.l(__scatter_copy.o)
    0x08000142   0x08000142   0x00000002   PAD
    0x08000144   0x08000144   0x0000001c   Code   RO         1935    !!handler_zi        c_w.l(__scatter_zi.o)
    0x08000160   0x08000160   0x00000002   Code   RO         1815    .ARM.Collect$$libinit$$00000000  c_w.l(libinit.o)
    0x08000162   0x08000162   0x00000000   Code   RO         1827    .ARM.Collect$$libinit$$00000002  c_w.l(libinit2.o)
    0x08000162   0x08000162   0x00000000   Code   RO         1829    .ARM.Collect$$libinit$$00000004  c_w.l(libinit2.o)
    0x08000162   0x08000162   0x00000000   Code   RO         1832    .ARM.Collect$$libinit$$0000000A  c_w.l(libinit2.o)
    0x08000162   0x08000162   0x00000000   Code   RO         1834    .ARM.Collect$$libinit$$0000000C  c_w.l(libinit2.o)
    0x08000162   0x08000162   0x00000000   Code   RO         1836    .ARM.Collect$$libinit$$0000000E  c_w.l(libinit2.o)
    0x08000162   0x08000162   0x00000000   Code   RO         1839    .ARM.Collect$$libinit$$00000011  c_w.l(libinit2.o)
    0x08000162   0x08000162   0x00000000   Code   RO         1841    .ARM.Collect$$libinit$$00000013  c_w.l(libinit2.o)
    0x08000162   0x08000162   0x00000000   Code   RO         1843    .ARM.Collect$$libinit$$00000015  c_w.l(libinit2.o)
    0x08000162   0x08000162   0x00000000   Code   RO         1845    .ARM.Collect$$libinit$$00000017  c_w.l(libinit2.o)
    0x08000162   0x08000162   0x00000000   Code   RO         1847    .ARM.Collect$$libinit$$00000019  c_w.l(libinit2.o)
    0x08000162   0x08000162   0x00000000   Code   RO         1849    .ARM.Collect$$libinit$$0000001B  c_w.l(libinit2.o)
    0x08000162   0x08000162   0x00000000   Code   RO         1851    .ARM.Collect$$libinit$$0000001D  c_w.l(libinit2.o)
    0x08000162   0x08000162   0x00000000   Code   RO         1853    .ARM.Collect$$libinit$$0000001F  c_w.l(libinit2.o)
    0x08000162   0x08000162   0x00000000   Code   RO         1855    .ARM.Collect$$libinit$$00000021  c_w.l(libinit2.o)
    0x08000162   0x08000162   0x00000000   Code   RO         1857    .ARM.Collect$$libinit$$00000023  c_w.l(libinit2.o)
    0x08000162   0x08000162   0x00000000   Code   RO         1859    .ARM.Collect$$libinit$$00000025  c_w.l(libinit2.o)
    0x08000162   0x08000162   0x00000000   Code   RO         1863    .ARM.Collect$$libinit$$0000002C  c_w.l(libinit2.o)
    0x08000162   0x08000162   0x00000000   Code   RO         1865    .ARM.Collect$$libinit$$0000002E  c_w.l(libinit2.o)
    0x08000162   0x08000162   0x00000000   Code   RO         1867    .ARM.Collect$$libinit$$00000030  c_w.l(libinit2.o)
    0x08000162   0x08000162   0x00000000   Code   RO         1869    .ARM.Collect$$libinit$$00000032  c_w.l(libinit2.o)
    0x08000162   0x08000162   0x00000002   Code   RO         1870    .ARM.Collect$$libinit$$00000033  c_w.l(libinit2.o)
    0x08000164   0x08000164   0x00000002   Code   RO         1816    .ARM.Collect$$libshutdown$$00000000  c_w.l(libshutdown.o)
    0x08000166   0x08000166   0x00000000   Code   RO         1872    .ARM.Collect$$libshutdown$$00000002  c_w.l(libshutdown2.o)
    0x08000166   0x08000166   0x00000000   Code   RO         1874    .ARM.Collect$$libshutdown$$00000004  c_w.l(libshutdown2.o)
    0x08000166   0x08000166   0x00000000   Code   RO         1876    .ARM.Collect$$libshutdown$$00000006  c_w.l(libshutdown2.o)
    0x08000166   0x08000166   0x00000000   Code   RO         1879    .ARM.Collect$$libshutdown$$00000009  c_w.l(libshutdown2.o)
    0x08000166   0x08000166   0x00000000   Code   RO         1882    .ARM.Collect$$libshutdown$$0000000C  c_w.l(libshutdown2.o)
    0x08000166   0x08000166   0x00000000   Code   RO         1884    .ARM.Collect$$libshutdown$$0000000E  c_w.l(libshutdown2.o)
    0x08000166   0x08000166   0x00000000   Code   RO         1887    .ARM.Collect$$libshutdown$$00000011  c_w.l(libshutdown2.o)
    0x08000166   0x08000166   0x00000002   Code   RO         1888    .ARM.Collect$$libshutdown$$00000012  c_w.l(libshutdown2.o)
    0x08000168   0x08000168   0x00000000   Code   RO         1759    .ARM.Collect$$rtentry$$00000000  c_w.l(__rtentry.o)
    0x08000168   0x08000168   0x00000000   Code   RO         1778    .ARM.Collect$$rtentry$$00000002  c_w.l(__rtentry2.o)
    0x08000168   0x08000168   0x00000006   Code   RO         1790    .ARM.Collect$$rtentry$$00000004  c_w.l(__rtentry4.o)
    0x0800016e   0x0800016e   0x00000000   Code   RO         1780    .ARM.Collect$$rtentry$$00000009  c_w.l(__rtentry2.o)
    0x0800016e   0x0800016e   0x00000004   Code   RO         1781    .ARM.Collect$$rtentry$$0000000A  c_w.l(__rtentry2.o)
    0x08000172   0x08000172   0x00000008   Code   RO         1782    .ARM.Collect$$rtentry$$0000000B  c_w.l(__rtentry2.o)
    0x0800017a   0x0800017a   0x00000008   Code   RO         1784    .ARM.Collect$$rtentry$$0000000D  c_w.l(__rtentry2.o)
    0x08000182   0x08000182   0x00000002   Code   RO         1760    .ARM.Collect$$rtexit$$00000000  c_w.l(rtexit.o)
    0x08000184   0x08000184   0x00000000   Code   RO         1793    .ARM.Collect$$rtexit$$00000002  c_w.l(rtexit2.o)
    0x08000184   0x08000184   0x00000004   Code   RO         1794    .ARM.Collect$$rtexit$$00000003  c_w.l(rtexit2.o)
    0x08000188   0x08000188   0x00000006   Code   RO         1795    .ARM.Collect$$rtexit$$00000004  c_w.l(rtexit2.o)
    0x0800018e   0x0800018e   0x00000002   PAD
    0x08000190   0x08000190   0x0000001c   Code   RO          401    .emb_text           rtx_conf_cm.o
    0x080001ac   0x080001ac   0x00000130   Code   RO         1713    .emb_text           RTX_CM3.lib(hal_cm3.o)
    0x080002dc   0x080002dc   0x00000040   Code   RO          465  * .text               startup_stm32f10x_md.o
    0x0800031c   0x0800031c   0x00000008   Code   RO         1728    .text               c_w.l(libspace.o)
    0x08000324   0x08000324   0x00000012   Code   RO         1733    .text               c_w.l(exit.o)
    0x08000336   0x08000336   0x00000064   Code   RO         1735    .text               c_w.l(rt_memcpy_w.o)
    0x0800039a   0x0800039a   0x00000006   Code   RO         1737    .text               c_w.l(heapauxi.o)
    0x080003a0   0x080003a0   0x0000000c   Code   RO         1801    .text               c_w.l(sys_exit.o)
    0x080003ac   0x080003ac   0x0000004a   Code   RO         1803    .text               c_w.l(sys_stackheap_outer.o)
    0x080003f6   0x080003f6   0x00000002   Code   RO         1817    .text               c_w.l(use_no_semi.o)
    0x080003f8   0x080003f8   0x00000000   Code   RO         1819    .text               c_w.l(indicate_semi.o)
    0x080003f8   0x080003f8   0x00000004   Code   RO         1723    SVC_TABLE           RTX_CM3.lib(svc_table.o)
    0x080003fc   0x080003fc   0x00000174   Code   RO           80    i.CANInit           can.o
    0x08000570   0x08000570   0x00000010   Code   RO           81    i.CANMsgAvail       can.o
    0x08000580   0x08000580   0x0000007c   Code   RO           82    i.CANReceive        can.o
    0x080005fc   0x080005fc   0x0000004c   Code   RO          236    i.CharacterBitMaps  lcd.o
    0x08000648   0x08000648   0x0000002e   Code   RO          237    i.ClearScreen       lcd.o
    0x08000676   0x08000676   0x0000001a   Code   RO          238    i.Delay             lcd.o
    0x08000690   0x08000690   0x000000e0   Code   RO          239    i.DisplayScreen     lcd.o
    0x08000770   0x08000770   0x00000074   Code   RO            4    i.InitLEDs          main.o
    0x080007e4   0x080007e4   0x00000060   Code   RO          240    i.InitialiseLCDPins  lcd.o
    0x08000844   0x08000844   0x00000018   Code   RO          241    i.MicrosecondDelay  lcd.o
    0x0800085c   0x0800085c   0x00000020   Code   RO          242    i.MoveCursor        lcd.o
    0x0800087c   0x0800087c   0x000000b8   Code   RO          243    i.OutputPaddedInteger  lcd.o
    0x08000934   0x08000934   0x000000cc   Code   RO          244    i.OutputString      lcd.o
    0x08000a00   0x08000a00   0x00000030   Code   RO          245    i.SaveCharacterToRAM  lcd.o
    0x08000a30   0x08000a30   0x000000de   Code   RO          246    i.ScreenSetup       lcd.o
    0x08000b0e   0x08000b0e   0x00000008   Code   RO          472    i.SetSysClock       system_stm32f10x.o
    0x08000b16   0x08000b16   0x00000002   PAD
    0x08000b18   0x08000b18   0x000000e0   Code   RO          473    i.SetSysClockTo72   system_stm32f10x.o
    0x08000bf8   0x08000bf8   0x00000060   Code   RO          475    i.SystemInit        system_stm32f10x.o
    0x08000c58   0x08000c58   0x0000002c   Code   RO          248    i.TransmitCommand   lcd.o
    0x08000c84   0x08000c84   0x0000002c   Code   RO          249    i.TransmitCommandParameter  lcd.o
    0x08000cb0   0x08000cb0   0x0000002c   Code   RO          250    i.UpdateScreenParameter  lcd.o
    0x08000cdc   0x08000cdc   0x00000014   Code   RO          251    i.WriteByteToDataBus  lcd.o
    0x08000cf0   0x08000cf0   0x00000046   Code   RO         1612    i._init_box         RTX_CM3.lib(rt_membox.o)
    0x08000d36   0x08000d36   0x00000002   PAD
    0x08000d38   0x08000d38   0x00000020   Code   RO          403    i._mutex_acquire    rtx_conf_cm.o
    0x08000d58   0x08000d58   0x0000001c   Code   RO          405    i._mutex_release    rtx_conf_cm.o
    0x08000d74   0x08000d74   0x00000030   Code   RO         1665    i.dbg_init          RTX_CM3.lib(hal_cm.o)
    0x08000da4   0x08000da4   0x00000020   Code   RO         1666    i.dbg_task_notify   RTX_CM3.lib(hal_cm.o)
    0x08000dc4   0x08000dc4   0x00000010   Code   RO         1667    i.dbg_task_switch   RTX_CM3.lib(hal_cm.o)
    0x08000dd4   0x08000dd4   0x0000002a   Code   RO          518    i.isrMessageGet     RTX_CM3.lib(rt_cmsis.o)
    0x08000dfe   0x08000dfe   0x0000002c   Code   RO          519    i.isrMessagePut     RTX_CM3.lib(rt_cmsis.o)
    0x08000e2a   0x08000e2a   0x00000002   PAD
    0x08000e2c   0x08000e2c   0x00000056   Code   RO         1467    i.isr_mbx_receive   RTX_CM3.lib(rt_mailbox.o)
    0x08000e82   0x08000e82   0x0000000e   Code   RO         1468    i.isr_mbx_send      RTX_CM3.lib(rt_mailbox.o)
    0x08000e90   0x08000e90   0x000002c4   Code   RO            5    i.main              main.o
    0x08001154   0x08001154   0x00000024   Code   RO          523    i.osKernelInitialize  RTX_CM3.lib(rt_cmsis.o)
    0x08001178   0x08001178   0x0000006c   Code   RO          525    i.osKernelStart     RTX_CM3.lib(rt_cmsis.o)
    0x080011e4   0x080011e4   0x00000018   Code   RO          534    i.osMessageGet      RTX_CM3.lib(rt_cmsis.o)
    0x080011fc   0x080011fc   0x0000002c   Code   RO          551    i.osThreadCreate    RTX_CM3.lib(rt_cmsis.o)
    0x08001228   0x08001228   0x00000018   Code   RO          552    i.osThreadExit      RTX_CM3.lib(rt_cmsis.o)
    0x08001240   0x08001240   0x0000000c   Code   RO          558    i.osTimerCall       RTX_CM3.lib(rt_cmsis.o)
    0x0800124c   0x0800124c   0x0000002c   Code   RO          563    i.osTimerThread     RTX_CM3.lib(rt_cmsis.o)
    0x08001278   0x08001278   0x00000022   Code   RO          406    i.os_error          rtx_conf_cm.o
    0x0800129a   0x0800129a   0x00000004   Code   RO          407    i.os_idle_demon     rtx_conf_cm.o
    0x0800129e   0x0800129e   0x00000002   PAD
    0x080012a0   0x080012a0   0x00000028   Code   RO         1259    i.os_tick_init      RTX_CM3.lib(rt_system.o)
    0x080012c8   0x080012c8   0x00000002   Code   RO         1260    i.os_tick_irqack    RTX_CM3.lib(rt_system.o)
    0x080012ca   0x080012ca   0x0000001a   Code   RO         1613    i.rt_alloc_box      RTX_CM3.lib(rt_membox.o)
    0x080012e4   0x080012e4   0x0000003e   Code   RO         1641    i.rt_alloc_mem      RTX_CM3.lib(rt_memory.o)
    0x08001322   0x08001322   0x00000002   PAD
    0x08001324   0x08001324   0x00000038   Code   RO         1140    i.rt_block          RTX_CM3.lib(rt_task.o)
    0x0800135c   0x0800135c   0x00000048   Code   RO         1590    i.rt_chk_robin      RTX_CM3.lib(rt_robin.o)
    0x080013a4   0x080013a4   0x00000070   Code   RO         1391    i.rt_dec_dly        RTX_CM3.lib(rt_list.o)
    0x08001414   0x08001414   0x00000044   Code   RO         1141    i.rt_dispatch       RTX_CM3.lib(rt_task.o)
    0x08001458   0x08001458   0x00000050   Code   RO         1352    i.rt_evt_psh        RTX_CM3.lib(rt_event.o)
    0x080014a8   0x080014a8   0x0000002c   Code   RO         1614    i.rt_free_box       RTX_CM3.lib(rt_membox.o)
    0x080014d4   0x080014d4   0x00000028   Code   RO         1642    i.rt_free_mem       RTX_CM3.lib(rt_memory.o)
    0x080014fc   0x080014fc   0x00000028   Code   RO         1392    i.rt_get_first      RTX_CM3.lib(rt_list.o)
    0x08001524   0x08001524   0x00000008   Code   RO          568    i.rt_id2obj         RTX_CM3.lib(rt_cmsis.o)
    0x0800152c   0x0800152c   0x00000048   Code   RO         1142    i.rt_init_context   RTX_CM3.lib(rt_task.o)
    0x08001574   0x08001574   0x0000001a   Code   RO         1643    i.rt_init_mem       RTX_CM3.lib(rt_memory.o)
    0x0800158e   0x0800158e   0x00000002   PAD
    0x08001590   0x08001590   0x00000018   Code   RO         1591    i.rt_init_robin     RTX_CM3.lib(rt_robin.o)
    0x080015a8   0x080015a8   0x00000080   Code   RO         1668    i.rt_init_stack     RTX_CM3.lib(hal_cm.o)
    0x08001628   0x08001628   0x00000008   Code   RO         1469    i.rt_mbx_check      RTX_CM3.lib(rt_mailbox.o)
    0x08001630   0x08001630   0x0000001a   Code   RO         1470    i.rt_mbx_init       RTX_CM3.lib(rt_mailbox.o)
    0x0800164a   0x0800164a   0x00000002   PAD
    0x0800164c   0x0800164c   0x000000f0   Code   RO         1471    i.rt_mbx_psh        RTX_CM3.lib(rt_mailbox.o)
    0x0800173c   0x0800173c   0x000000b4   Code   RO         1473    i.rt_mbx_wait       RTX_CM3.lib(rt_mailbox.o)
    0x080017f0   0x080017f0   0x00000044   Code   RO          569    i.rt_ms2tick        RTX_CM3.lib(rt_cmsis.o)
    0x08001834   0x08001834   0x000000d8   Code   RO         1226    i.rt_mut_release    RTX_CM3.lib(rt_mutex.o)
    0x0800190c   0x0800190c   0x00000078   Code   RO         1227    i.rt_mut_wait       RTX_CM3.lib(rt_mutex.o)
    0x08001984   0x08001984   0x0000007c   Code   RO         1263    i.rt_pop_req        RTX_CM3.lib(rt_system.o)
    0x08001a00   0x08001a00   0x00000020   Code   RO         1264    i.rt_psh_req        RTX_CM3.lib(rt_system.o)
    0x08001a20   0x08001a20   0x0000005c   Code   RO         1394    i.rt_psq_enq        RTX_CM3.lib(rt_list.o)
    0x08001a7c   0x08001a7c   0x00000048   Code   RO         1395    i.rt_put_dly        RTX_CM3.lib(rt_list.o)
    0x08001ac4   0x08001ac4   0x00000036   Code   RO         1396    i.rt_put_prio       RTX_CM3.lib(rt_list.o)
    0x08001afa   0x08001afa   0x00000002   PAD
    0x08001afc   0x08001afc   0x00000014   Code   RO         1397    i.rt_put_rdy_first  RTX_CM3.lib(rt_list.o)
    0x08001b10   0x08001b10   0x00000034   Code   RO         1398    i.rt_resort_prio    RTX_CM3.lib(rt_list.o)
    0x08001b44   0x08001b44   0x00000006   Code   RO         1669    i.rt_ret_val        RTX_CM3.lib(hal_cm.o)
    0x08001b4a   0x08001b4a   0x00000008   Code   RO         1670    i.rt_ret_val2       RTX_CM3.lib(hal_cm.o)
    0x08001b52   0x08001b52   0x00000028   Code   RO         1399    i.rt_rmv_dly        RTX_CM3.lib(rt_list.o)
    0x08001b7a   0x08001b7a   0x00000002   PAD
    0x08001b7c   0x08001b7c   0x00000030   Code   RO         1400    i.rt_rmv_list       RTX_CM3.lib(rt_list.o)
    0x08001bac   0x08001bac   0x00000034   Code   RO         1518    i.rt_sem_psh        RTX_CM3.lib(rt_semaphore.o)
    0x08001be0   0x08001be0   0x00000024   Code   RO         1266    i.rt_stk_check      RTX_CM3.lib(rt_system.o)
    0x08001c04   0x08001c04   0x00000028   Code   RO         1143    i.rt_switch_req     RTX_CM3.lib(rt_task.o)
    0x08001c2c   0x08001c2c   0x000000cc   Code   RO         1144    i.rt_sys_init       RTX_CM3.lib(rt_task.o)
    0x08001cf8   0x08001cf8   0x00000078   Code   RO         1145    i.rt_sys_start      RTX_CM3.lib(rt_task.o)
    0x08001d70   0x08001d70   0x00000040   Code   RO         1268    i.rt_systick        RTX_CM3.lib(rt_system.o)
    0x08001db0   0x08001db0   0x00000012   Code   RO          570    i.rt_tid2ptcb       RTX_CM3.lib(rt_cmsis.o)
    0x08001dc2   0x08001dc2   0x00000002   PAD
    0x08001dc4   0x08001dc4   0x00000034   Code   RO          571    i.rt_timer_insert   RTX_CM3.lib(rt_cmsis.o)
    0x08001df8   0x08001df8   0x00000088   Code   RO         1146    i.rt_tsk_create     RTX_CM3.lib(rt_task.o)
    0x08001e80   0x08001e80   0x0000017c   Code   RO         1147    i.rt_tsk_delete     RTX_CM3.lib(rt_task.o)
    0x08001ffc   0x08001ffc   0x0000007c   Code   RO         1149    i.rt_tsk_prio       RTX_CM3.lib(rt_task.o)
    0x08002078   0x08002078   0x00000010   Code   RO         1150    i.rt_tsk_self       RTX_CM3.lib(rt_task.o)
    0x08002088   0x08002088   0x00000070   Code   RO          574    i.svcKernelInitialize  RTX_CM3.lib(rt_cmsis.o)
    0x080020f8   0x080020f8   0x00000048   Code   RO          576    i.svcKernelStart    RTX_CM3.lib(rt_cmsis.o)
    0x08002140   0x08002140   0x00000024   Code   RO          579    i.svcMessageCreate  RTX_CM3.lib(rt_cmsis.o)
    0x08002164   0x08002164   0x0000003a   Code   RO          580    i.svcMessageGet     RTX_CM3.lib(rt_cmsis.o)
    0x0800219e   0x0800219e   0x00000002   PAD
    0x080021a0   0x080021a0   0x0000006c   Code   RO          594    i.svcThreadCreate   RTX_CM3.lib(rt_cmsis.o)
    0x0800220c   0x0800220c   0x0000001c   Code   RO          595    i.svcThreadGetId    RTX_CM3.lib(rt_cmsis.o)
    0x08002228   0x08002228   0x00000038   Code   RO          598    i.svcThreadTerminate  RTX_CM3.lib(rt_cmsis.o)
    0x08002260   0x08002260   0x00000018   Code   RO          600    i.svcTimerCall      RTX_CM3.lib(rt_cmsis.o)
    0x08002278   0x08002278   0x0000005c   Code   RO          609    i.sysTimerTick      RTX_CM3.lib(rt_cmsis.o)
    0x080022d4   0x080022d4   0x00000062   Code   RO         1741    x$fpl$d2f           fz_ws.l(d2f.o)
    0x08002336   0x08002336   0x00000002   PAD
    0x08002338   0x08002338   0x00000154   Code   RO         1743    x$fpl$dmul          fz_ws.l(dmul.o)
    0x0800248c   0x0800248c   0x0000009c   Code   RO         1766    x$fpl$dnaninf       fz_ws.l(dnaninf.o)
    0x08002528   0x08002528   0x0000000c   Code   RO         1768    x$fpl$dretinf       fz_ws.l(dretinf.o)
    0x08002534   0x08002534   0x00000056   Code   RO         1745    x$fpl$f2d           fz_ws.l(f2d.o)
    0x0800258a   0x0800258a   0x00000018   Code   RO         1770    x$fpl$fcmpinf       fz_ws.l(fcmpi.o)
    0x080025a2   0x080025a2   0x00000002   PAD
    0x080025a4   0x080025a4   0x00000036   Code   RO         1747    x$fpl$ffix          fz_ws.l(ffix.o)
    0x080025da   0x080025da   0x00000002   PAD
    0x080025dc   0x080025dc   0x0000003e   Code   RO         1751    x$fpl$ffixu         fz_ws.l(ffixu.o)
    0x0800261a   0x0800261a   0x00000002   PAD
    0x0800261c   0x0800261c   0x00000068   Code   RO         1755    x$fpl$fleqf         fz_ws.l(fleqf.o)
    0x08002684   0x08002684   0x00000102   Code   RO         1757    x$fpl$fmul          fz_ws.l(fmul.o)
    0x08002786   0x08002786   0x0000008c   Code   RO         1772    x$fpl$fnaninf       fz_ws.l(fnaninf.o)
    0x08002812   0x08002812   0x0000000a   Code   RO         1774    x$fpl$fretinf       fz_ws.l(fretinf.o)
    0x0800281c   0x0800281c   0x00000000   Code   RO         1776    x$fpl$usenofp       fz_ws.l(usenofp.o)
    0x0800281c   0x0800281c   0x00000012   Data   RO           86    .constdata          can.o
    0x0800282e   0x0800282e   0x00000002   PAD
    0x08002830   0x08002830   0x00000100   Data   RO          252    .constdata          lcd.o
    0x08002930   0x08002930   0x00000068   Data   RO          409    .constdata          rtx_conf_cm.o
    0x08002998   0x08002998   0x00000020   Data   RO         1929    Region$$Table       anon$$obj.o


    Execution Region ER_RW (Exec base: 0x20000000, Load base: 0x080029b8, Size: 0x000000ec, Max: 0xffffffff, ABSOLUTE)

    Exec Addr    Load Addr    Size         Type   Attr      Idx    E Section Name        Object

    0x20000000   0x080029b8   0x0000000c   Data   RW            7    .data               main.o
    0x2000000c   0x080029c4   0x000000a4   Data   RW          253    .data               lcd.o
    0x200000b0   0x08002a68   0x00000014   Data   RW          410    .data               rtx_conf_cm.o
    0x200000c4   0x08002a7c   0x00000008   Data   RW          612    .data               RTX_CM3.lib(rt_cmsis.o)
    0x200000cc   0x08002a84   0x00000008   Data   RW         1152    .data               RTX_CM3.lib(rt_task.o)
    0x200000d4   0x08002a8c   0x00000008   Data   RW         1271    .data               RTX_CM3.lib(rt_system.o)
    0x200000dc   0x08002a94   0x00000004   Data   RW         1561    .data               RTX_CM3.lib(rt_time.o)
    0x200000e0   0x08002a98   0x00000008   Data   RW         1592    .data               RTX_CM3.lib(rt_robin.o)
    0x200000e8   0x08002aa0   0x00000001   Data   RW         1671    .data               RTX_CM3.lib(hal_cm.o)


    Execution Region ER_ZI (Exec base: 0x200000ec, Load base: 0x08002aa4, Size: 0x0000129c, Max: 0xffffffff, ABSOLUTE)

    Exec Addr    Load Addr    Size         Type   Attr      Idx    E Section Name        Object

    0x200000ec        -       0x0000000c   Zero   RW            6    .bss                main.o
    0x200000f8        -       0x00000bc8   Zero   RW          408    .bss                rtx_conf_cm.o
    0x20000cc0        -       0x00000034   Zero   RW         1151    .bss                RTX_CM3.lib(rt_task.o)
    0x20000cf4        -       0x00000030   Zero   RW         1401    .bss                RTX_CM3.lib(rt_list.o)
    0x20000d24        -       0x00000060   Zero   RW         1729    .bss                c_w.l(libspace.o)
    0x20000d84   0x08002aa4   0x00000004   PAD
    0x20000d88        -       0x00000200   Zero   RW          463    HEAP                startup_stm32f10x_md.o
    0x20000f88        -       0x00000400   Zero   RW          462    STACK               startup_stm32f10x_md.o


==============================================================================

Image component sizes


      Code (inc. data)   RO Data    RW Data    ZI Data      Debug   Object Name

       512         44         18          0          0       2975   can.o
      1334        102        256        164          0       9383   lcd.o
       824         52          0         12         12       7506   main.o
       126         26        104         20       3016       9491   rtx_conf_cm.o
        64         26        236          0       1536        856   startup_stm32f10x_md.o
       328         28          0          0          0       2157   system_stm32f10x.o

    ----------------------------------------------------------------------
      3192        278        648        196       4564      32368   Object Totals
         0          0         32          0          0          0   (incl. Generated)
         4          0          2          0          0          0   (incl. Padding)

    ----------------------------------------------------------------------

      Code (inc. data)   RO Data    RW Data    ZI Data      Debug   Library Member Name

       238         24          0          1          0       3244   hal_cm.o
       304         36          0          0          0        756   hal_cm3.o
      1110        138          0          8          0      32233   rt_cmsis.o
        80          4          0          0          0        649   rt_event.o
       530         34          0          0         48       8157   rt_list.o
       554         10          0          0          0       3889   rt_mailbox.o
       140          0          0          0          0       1889   rt_membox.o
       128          0          0          0          0       2267   rt_memory.o
       336         14          0          0          0       1623   rt_mutex.o
        96         22          0          8          0       1134   rt_robin.o
        52          4          0          0          0        565   rt_semaphore.o
       298         52          0          8          0       6139   rt_system.o
      1216        174          0          8         52       9537   rt_task.o
         0          0          0          4          0        206   rt_time.o
         4          4          0          0          0        196   svc_table.o
         8          0          0          0          0         68   __main.o
         0          0          0          0          0          0   __rtentry.o
        20          0          0          0          0          0   __rtentry2.o
         6          0          0          0          0          0   __rtentry4.o
        52          8          0          0          0          0   __scatter.o
        26          0          0          0          0          0   __scatter_copy.o
        28          0          0          0          0          0   __scatter_zi.o
        18          0          0          0          0         80   exit.o
         6          0          0          0          0        152   heapauxi.o
         0          0          0          0          0          0   indicate_semi.o
         2          0          0          0          0          0   libinit.o
         2          0          0          0          0          0   libinit2.o
         2          0          0          0          0          0   libshutdown.o
         2          0          0          0          0          0   libshutdown2.o
         8          4          0          0         96         68   libspace.o
       100          0          0          0          0         80   rt_memcpy_w.o
         2          0          0          0          0          0   rtexit.o
        10          0          0          0          0          0   rtexit2.o
        12          4          0          0          0         68   sys_exit.o
        74          0          0          0          0         80   sys_stackheap_outer.o
         2          0          0          0          0         68   use_no_semi.o
        98          4          0          0          0         92   d2f.o
       340         12          0          0          0        104   dmul.o
       156          4          0          0          0         92   dnaninf.o
        12          0          0          0          0         68   dretinf.o
        86          4          0          0          0         84   f2d.o
        24          0          0          0          0         68   fcmpi.o
        54          4          0          0          0         84   ffix.o
        62          4          0          0          0         84   ffixu.o
       104          4          0          0          0         84   fleqf.o
       258          4          0          0          0         84   fmul.o
       140          4          0          0          0         84   fnaninf.o
        10          0          0          0          0         68   fretinf.o
         0          0          0          0          0          0   usenofp.o

    ----------------------------------------------------------------------
      6840        576          0         40        200      74144   Library Totals
        30          0          0          3          4          0   (incl. Padding)

    ----------------------------------------------------------------------

      Code (inc. data)   RO Data    RW Data    ZI Data      Debug   Library Name

      5086        516          0         37        100      72484   RTX_CM3.lib
       380         16          0          0         96        664   c_w.l
      1344         44          0          0          0        996   fz_ws.l

    ----------------------------------------------------------------------
      6840        576          0         40        200      74144   Library Totals

    ----------------------------------------------------------------------

==============================================================================


      Code (inc. data)   RO Data    RW Data    ZI Data      Debug   

     10032        854        648        236       4764     100944   Grand Totals
     10032        854        648        236       4764     100944   ELF Image Totals
     10032        854        648        236          0          0   ROM Totals

==============================================================================

    Total RO  Size (Code + RO Data)                10680 (  10.43kB)
    Total RW  Size (RW Data + ZI Data)              5000 (   4.88kB)
    Total ROM Size (Code + RO Data + RW Data)      10916 (  10.66kB)

==============================================================================

