../Core/Src/LCD.c:9:6:Delay	24	static
../Core/Src/LCD.c:26:6:MicrosecondDelay	24	static
../Core/Src/LCD.c:42:6:MoveCursor	24	static
../Core/Src/LCD.c:68:6:ClearScreen	16	static
../Core/Src/LCD.c:88:6:SaveCharacterToRAM	24	static
../Core/Src/LCD.c:104:6:CharacterBitMaps	272	static
../Core/Src/LCD.c:140:6:OutputString	24	static
../Core/Src/LCD.c:232:6:OutputPaddedInteger	32	static
../Core/Src/LCD.c:277:6:SetBar	24	static
../Core/Src/LCD.c:300:6:DisplayScreen	8	static
../Core/Src/LCD.c:366:6:UpdateScreenParameter	16	static
../Core/Src/LCD.c:380:6:WriteByteToDataBus	16	static
../Core/Src/LCD.c:391:6:TransmitCommand	16	static
../Core/Src/LCD.c:406:6:TransmitCommandParameter	16	static
../Core/Src/LCD.c:419:6:InitialiseLCDPins	4	static
../Core/Src/LCD.c:444:6:ScreenSetup	8	static
